2026-08-19 04:11:55.953 [INFO] ARK Tracker read-only diagnostic MVP
2026-08-19 04:11:55.955 [INFO] Target: ARK: Survival Evolved / ShooterGame.exe / UE4 / x64
2026-08-19 04:11:55.955 [INFO] Access mask: PROCESS_QUERY_INFORMATION | PROCESS_VM_READ (0x0410). No write/injection APIs are used.
2026-08-19 04:11:55.956 [INFO] Security context: elevated=False SeDebugPrivilege=unavailable (Win32 error 1300)
2026-08-19 04:11:55.976 [INFO] Process: name=ShooterGame.exe pid=34172 parentPid=14996 threads=122
2026-08-19 04:11:55.976 [INFO] Read-only process handle opened successfully.
2026-08-19 04:11:55.978 [WARN] Module snapshot failed with Win32 error 5; trying PSAPI through the same read-only handle.
2026-08-19 04:11:56.006 [INFO] Module: XINPUT1_3.dll base=0x0000000000400000 size=0x1E000 path=C:\WINDOWS\SYSTEM32\XINPUT1_3.dll
2026-08-19 04:11:56.006 [INFO] Module: steam_api64.dll base=0x0000000063B00000 size=0x37000 path=C:\Program Files (x86)\Steam\steamapps\common\ARK\Engine\Binaries\ThirdParty\Steamworks\Steamv132\Win64\steam_api64.dll
2026-08-19 04:11:56.006 [INFO] Module: X3DAudio1_7.dll base=0x0000000063B40000 size=0x9000 path=C:\WINDOWS\SYSTEM32\X3DAudio1_7.dll
2026-08-19 04:11:56.006 [INFO] Module: wintrust.dll base=0x00000295FD7D0000 size=0x83000 path=C:\WINDOWS\System32\wintrust.dll
2026-08-19 04:11:56.006 [INFO] Module: ShooterGame.exe base=0x00007FF739130000 size=0x4DAB000 path=C:\Program Files (x86)\Steam\steamapps\common\ARK\ShooterGame\Binaries\Win64\ShooterGame.exe
2026-08-19 04:11:56.006 [INFO] Module: vivoxsdk.dll base=0x00007FFB262D0000 size=0xC4A000 path=C:\Program Files (x86)\Steam\steamapps\common\ARK\Engine\Binaries\ThirdParty\VivoxCoreLibrary\Windows\Win64\vivoxsdk.dll
2026-08-19 04:11:56.006 [INFO] Module: gameoverlayrenderer64.dll base=0x00007FFB3A190000 size=0x1B7000 path=C:\Program Files (x86)\Steam\gameoverlayrenderer64.dll
2026-08-19 04:11:56.006 [INFO] Module: nvppex.dll base=0x00007FFB46380000 size=0x727000 path=C:\WINDOWS\System32\DriverStore\FileRepository\nvrfi.inf_amd64_87b4cb6242e17d7d\nvppex.dll
2026-08-19 04:11:56.006 [INFO] Module: nvspcap64.dll base=0x00007FFB46AB0000 size=0x164000 path=C:\WINDOWS\system32\nvspcap64.dll
2026-08-19 04:11:56.006 [INFO] Module: d3d9.dll base=0x00007FFB69160000 size=0x1B2000 path=C:\WINDOWS\SYSTEM32\d3d9.dll
2026-08-19 04:11:56.006 [INFO] Module: DINPUT8.dll base=0x00007FFB695B0000 size=0x4B000 path=C:\WINDOWS\SYSTEM32\DINPUT8.dll
2026-08-19 04:11:56.006 [INFO] Module: mfperfhelper.dll base=0x00007FFB6C1D0000 size=0x130000 path=C:\Windows\System32\mfperfhelper.dll
2026-08-19 04:11:56.006 [INFO] Module: ResampleDmo.DLL base=0x00007FFB6D250000 size=0xB7000 path=C:\WINDOWS\SYSTEM32\ResampleDmo.DLL
2026-08-19 04:11:56.006 [INFO] Module: winmmbase.dll base=0x00007FFB6D310000 size=0x37000 path=C:\WINDOWS\SYSTEM32\winmmbase.dll
2026-08-19 04:11:56.006 [INFO] Module: DSOUND.dll base=0x00007FFB6D350000 size=0x94000 path=C:\WINDOWS\SYSTEM32\DSOUND.dll
2026-08-19 04:11:56.006 [INFO] Module: steamclient64.dll base=0x00007FFB6D3F0000 size=0x1964000 path=C:\Program Files (x86)\Steam\steamclient64.dll
2026-08-19 04:11:56.006 [INFO] Module: wmvdecod.dll base=0x00007FFB88230000 size=0x2A7000 path=C:\Windows\System32\wmvdecod.dll
2026-08-19 04:11:56.006 [INFO] Module: APEX_Legacy_x64.dll base=0x00007FFB88830000 size=0x36F000 path=C:\Program Files (x86)\Steam\steamapps\common\ARK\Engine\Binaries\ThirdParty\PhysX\PhysX-3.4\Win64\VS2013\APEX_Legacy_x64.dll
2026-08-19 04:11:56.006 [INFO] Module: APEX_Destructible_x64.dll base=0x00007FFB88BA0000 size=0x244000 path=C:\Program Files (x86)\Steam\steamapps\common\ARK\Engine\Binaries\ThirdParty\PhysX\PhysX-3.4\Win64\VS2013\APEX_Destructible_x64.dll
2026-08-19 04:11:56.006 [INFO] Module: d3dcompiler_47_64.dll base=0x00007FFB88DF0000 size=0x48D000 path=C:\WINDOWS\System32\DriverStore\FileRepository\nvrfi.inf_amd64_87b4cb6242e17d7d\NvCamera\d3dcompiler_47_64.dll
2026-08-19 04:11:56.006 [INFO] Module: NvCamera64.dll base=0x00007FFB89290000 size=0x883000 path=C:\WINDOWS\System32\DriverStore\FileRepository\nvrfi.inf_amd64_87b4cb6242e17d7d\NvCamera\NvCamera64.dll
2026-08-19 04:11:56.006 [INFO] Module: PhysX3_x64.dll base=0x00007FFB8A110000 size=0x2B1000 path=C:\Program Files (x86)\Steam\steamapps\common\ARK\Engine\Binaries\ThirdParty\PhysX\PhysX-3.4\Win64\VS2013\PhysX3_x64.dll
2026-08-19 04:11:56.006 [INFO] Module: libprotobuf.dll base=0x00007FFB8A3D0000 size=0x276000 path=C:\Program Files (x86)\Steam\steamapps\common\ARK\ShooterGame\Binaries\Win64\libprotobuf.dll
2026-08-19 04:11:56.006 [INFO] Module: OPENGL32.dll base=0x00007FFB8C270000 size=0x10C000 path=C:\WINDOWS\SYSTEM32\OPENGL32.dll
2026-08-19 04:11:56.006 [INFO] Module: mfasfsrcsnk.dll base=0x00007FFB8C5E0000 size=0x184000 path=C:\WINDOWS\System32\mfasfsrcsnk.dll
2026-08-19 04:11:56.006 [INFO] Module: PhysX3Common_x64.dll base=0x00007FFBAE640000 size=0x1E4000 path=C:\Program Files (x86)\Steam\steamapps\common\ARK\Engine\Binaries\ThirdParty\PhysX\PhysX-3.4\Win64\VS2013\PhysX3Common_x64.dll
2026-08-19 04:11:56.006 [INFO] Module: mfplay.dll base=0x00007FFBAEA20000 size=0x88000 path=C:\WINDOWS\SYSTEM32\mfplay.dll
2026-08-19 04:11:56.006 [INFO] Module: APEXFramework_x64.dll base=0x00007FFBAEAB0000 size=0x12D000 path=C:\Program Files (x86)\Steam\steamapps\common\ARK\Engine\Binaries\ThirdParty\PhysX\PhysX-3.4\Win64\VS2013\APEXFramework_x64.dll
2026-08-19 04:11:56.006 [INFO] Module: GameNetworkingSockets.dll base=0x00007FFBAEBE0000 size=0x71000 path=C:\Program Files (x86)\Steam\steamapps\common\ARK\ShooterGame\Binaries\Win64\GameNetworkingSockets.dll
2026-08-19 04:11:56.006 [INFO] Module: libvorbis_64.dll base=0x00007FFBAEC60000 size=0x1A5000 path=C:\Program Files (x86)\Steam\steamapps\common\ARK\Engine\Binaries\ThirdParty\Vorbis\Win64\VS2013\libvorbis_64.dll
2026-08-19 04:11:56.006 [INFO] Module: XAudio2_7.dll base=0x00007FFBAEF70000 size=0x8B000 path=C:\WINDOWS\SYSTEM32\XAudio2_7.dll
2026-08-19 04:11:56.006 [INFO] Module: MSVCR120.dll base=0x00007FFBAF0E0000 size=0xEF000 path=C:\Program Files (x86)\Steam\steamapps\common\ARK\ShooterGame\Binaries\Win64\MSVCR120.dll
2026-08-19 04:11:56.006 [INFO] Module: MSVCP120.dll base=0x00007FFBAF450000 size=0xA6000 path=C:\Program Files (x86)\Steam\steamapps\common\ARK\ShooterGame\Binaries\Win64\MSVCP120.dll
2026-08-19 04:11:56.006 [INFO] Module: GLU32.dll base=0x00007FFBB03B0000 size=0x2D000 path=C:\WINDOWS\SYSTEM32\GLU32.dll
2026-08-19 04:11:56.006 [INFO] Module: vstdlib_s64.dll base=0x00007FFBB0560000 size=0xC3000 path=C:\Program Files (x86)\Steam\vstdlib_s64.dll
2026-08-19 04:11:56.006 [INFO] Module: tier0_s64.dll base=0x00007FFBB10D0000 size=0x30E000 path=C:\Program Files (x86)\Steam\tier0_s64.dll
2026-08-19 04:11:56.006 [INFO] Module: crashhandler64.dll base=0x00007FFBB13E0000 size=0x1B0000 path=C:\Program Files (x86)\Steam\crashhandler64.dll
2026-08-19 04:11:56.006 [INFO] Module: Windows.Media.dll base=0x00007FFBB1B80000 size=0x69B000 path=C:\Windows\System32\Windows.Media.dll
2026-08-19 04:11:56.006 [INFO] Module: AcGenral.DLL base=0x00007FFBB26B0000 size=0x7D000 path=C:\WINDOWS\SYSTEM32\AcGenral.DLL
2026-08-19 04:11:56.006 [INFO] Module: textinputframework.dll base=0x00007FFBB4600000 size=0x146000 path=C:\WINDOWS\SYSTEM32\textinputframework.dll
2026-08-19 04:11:56.006 [INFO] Module: explorerframe.dll base=0x00007FFBB4750000 size=0x311000 path=C:\WINDOWS\system32\explorerframe.dll
2026-08-19 04:11:56.006 [INFO] Module: dataexchange.dll base=0x00007FFBB56A0000 size=0x5C000 path=C:\WINDOWS\system32\dataexchange.dll
2026-08-19 04:11:56.006 [INFO] Module: graphics-hook64.dll base=0x00007FFBB8E00000 size=0x4E000 path=C:\ProgramData\obs-studio-hook\graphics-hook64.dll
2026-08-19 04:11:56.006 [INFO] Module: inputhost.dll base=0x00007FFBB9600000 size=0x1E3000 path=C:\WINDOWS\SYSTEM32\inputhost.dll
2026-08-19 04:11:56.006 [INFO] Module: mfplat.dll base=0x00007FFBBE2C0000 size=0x224000 path=C:\WINDOWS\SYSTEM32\mfplat.dll
2026-08-19 04:11:56.006 [INFO] Module: MFCORE.DLL base=0x00007FFBBF650000 size=0x419000 path=C:\WINDOWS\SYSTEM32\MFCORE.DLL
2026-08-19 04:11:56.006 [INFO] Module: mf.dll base=0x00007FFBBFE80000 size=0x98000 path=C:\WINDOWS\SYSTEM32\mf.dll
2026-08-19 04:11:56.006 [INFO] Module: msdmo.dll base=0x00007FFBC0F70000 size=0xE000 path=C:\WINDOWS\SYSTEM32\msdmo.dll
2026-08-19 04:11:56.006 [INFO] Module: ncryptsslp.dll base=0x00007FFBC1BE0000 size=0x48000 path=C:\WINDOWS\system32\ncryptsslp.dll
2026-08-19 04:11:56.006 [INFO] Module: dbgcore.DLL base=0x00007FFBC3C40000 size=0x3B000 path=C:\WINDOWS\SYSTEM32\dbgcore.DLL
2026-08-19 04:11:56.006 [INFO] Module: colorcnv.dll base=0x00007FFBC3E60000 size=0x46000 path=C:\Windows\System32\colorcnv.dll
2026-08-19 04:11:56.006 [INFO] Module: Windows.ApplicationModel.dll base=0x00007FFBC43D0000 size=0xD8000 path=C:\Windows\System32\Windows.ApplicationModel.dll
2026-08-19 04:11:56.006 [INFO] Module: Windows.StateRepositoryPS.dll base=0x00007FFBC4B80000 size=0xC4000 path=C:\Windows\System32\Windows.StateRepositoryPS.dll
2026-08-19 04:11:56.006 [INFO] Module: PhysX3Cooking_x64.dll base=0x00007FFBC6AF0000 size=0x4A000 path=C:\Program Files (x86)\Steam\steamapps\common\ARK\Engine\Binaries\ThirdParty\PhysX\PhysX-3.4\Win64\VS2013\PhysX3Cooking_x64.dll
2026-08-19 04:11:56.006 [INFO] Module: windows.staterepositoryclient.dll base=0x00007FFBC8C70000 size=0x44000 path=C:\WINDOWS\SYSTEM32\windows.staterepositoryclient.dll
2026-08-19 04:11:56.006 [INFO] Module: windows.staterepositorycore.dll base=0x00007FFBC8CC0000 size=0x1F000 path=C:\WINDOWS\SYSTEM32\windows.staterepositorycore.dll
2026-08-19 04:11:56.006 [INFO] Module: iertutil.dll base=0x00007FFBCB290000 size=0x2C4000 path=C:\WINDOWS\SYSTEM32\iertutil.dll
2026-08-19 04:11:56.006 [INFO] Module: srvcli.dll base=0x00007FFBCB700000 size=0x29000 path=C:\WINDOWS\SYSTEM32\srvcli.dll
2026-08-19 04:11:56.006 [INFO] Module: MPR.dll base=0x00007FFBCB730000 size=0x21000 path=C:\WINDOWS\SYSTEM32\MPR.dll
2026-08-19 04:11:56.006 [INFO] Module: urlmon.dll base=0x00007FFBCB7D0000 size=0x1DD000 path=C:\WINDOWS\SYSTEM32\urlmon.dll
2026-08-19 04:11:56.006 [INFO] Module: WININET.dll base=0x00007FFBCC700000 size=0x295000 path=C:\WINDOWS\SYSTEM32\WININET.dll
2026-08-19 04:11:56.006 [INFO] Module: RTWorkQ.DLL base=0x00007FFBCD3F0000 size=0x3B000 path=C:\WINDOWS\SYSTEM32\RTWorkQ.DLL
2026-08-19 04:11:56.006 [INFO] Module: Windows.UI.dll base=0x00007FFBCD430000 size=0x159000 path=C:\Windows\System32\Windows.UI.dll
2026-08-19 04:11:56.006 [INFO] Module: NvMessageBus.dll base=0x00007FFBCD590000 size=0x364000 path=C:\WINDOWS\System32\DriverStore\FileRepository\nvrfi.inf_amd64_87b4cb6242e17d7d\Display.NvContainer\NvMessageBus.dll
2026-08-19 04:11:56.006 [INFO] Module: nvwgf2umx.dll base=0x00007FFBCDB00000 size=0x55A5000 path=C:\WINDOWS\System32\DriverStore\FileRepository\nvrfi.inf_amd64_87b4cb6242e17d7d\nvwgf2umx.dll
2026-08-19 04:11:56.006 [INFO] Module: nvapi64_impl.dll base=0x00007FFBD39E0000 size=0x577000 path=C:\WINDOWS\system32\DriverStore\FileRepository\nvrfi.inf_amd64_87b4cb6242e17d7d\nvapi64_impl.dll
2026-08-19 04:11:56.006 [INFO] Module: nvapi64.dll base=0x00007FFBD3F60000 size=0x89000 path=C:\WINDOWS\SYSTEM32\nvapi64.dll
2026-08-19 04:11:56.006 [INFO] Module: NvMemMapStoragex.dll base=0x00007FFBD4370000 size=0x13B000 path=C:\WINDOWS\System32\DriverStore\FileRepository\nvrfi.inf_amd64_87b4cb6242e17d7d\NvMemMapStoragex.dll
2026-08-19 04:11:56.006 [INFO] Module: AUDIOSES.DLL base=0x00007FFBD6980000 size=0x1B7000 path=C:\WINDOWS\SYSTEM32\AUDIOSES.DLL
2026-08-19 04:11:56.006 [INFO] Module: WINMM.dll base=0x00007FFBD6D90000 size=0x36000 path=C:\WINDOWS\SYSTEM32\WINMM.dll
2026-08-19 04:11:56.006 [INFO] Module: CompPkgSup.DLL base=0x00007FFBD6E80000 size=0x32000 path=C:\WINDOWS\SYSTEM32\CompPkgSup.DLL
2026-08-19 04:11:56.006 [INFO] Module: twinapi.appcore.dll base=0x00007FFBD73B0000 size=0x250000 path=C:\WINDOWS\system32\twinapi.appcore.dll
2026-08-19 04:11:56.006 [INFO] Module: nvgpucomp64.dll base=0x00007FFBD81D0000 size=0x5E0E000 path=C:\WINDOWS\System32\DriverStore\FileRepository\nvrfi.inf_amd64_87b4cb6242e17d7d\nvgpucomp64.dll
2026-08-19 04:11:56.006 [INFO] Module: ondemandconnroutehelper.dll base=0x00007FFBDE130000 size=0x18000 path=C:\WINDOWS\SYSTEM32\ondemandconnroutehelper.dll
2026-08-19 04:11:56.006 [INFO] Module: drvstore.dll base=0x00007FFBDE590000 size=0x17A000 path=C:\WINDOWS\SYSTEM32\drvstore.dll
2026-08-19 04:11:56.006 [INFO] Module: cryptnet.dll base=0x00007FFBDE710000 size=0x3B000 path=C:\WINDOWS\SYSTEM32\cryptnet.dll
2026-08-19 04:11:56.006 [INFO] Module: VERSION.dll base=0x00007FFBDE890000 size=0xB000 path=C:\WINDOWS\SYSTEM32\VERSION.dll
2026-08-19 04:11:56.007 [INFO] Module: nvldumdx.dll base=0x00007FFBDE8E0000 size=0xCA000 path=C:\WINDOWS\System32\DriverStore\FileRepository\nvrfi.inf_amd64_87b4cb6242e17d7d\nvldumdx.dll
2026-08-19 04:11:56.007 [INFO] Module: CoreUIComponents.dll base=0x00007FFBDED90000 size=0x2E4000 path=C:\WINDOWS\SYSTEM32\CoreUIComponents.dll
2026-08-19 04:11:56.007 [INFO] Module: avrt.dll base=0x00007FFBDF3A0000 size=0xB000 path=C:\WINDOWS\SYSTEM32\avrt.dll
2026-08-19 04:11:56.007 [INFO] Module: directxdatabasehelper.dll base=0x00007FFBDF480000 size=0x5F000 path=C:\WINDOWS\SYSTEM32\directxdatabasehelper.dll
2026-08-19 04:11:56.007 [INFO] Module: dhcpcsvc.DLL base=0x00007FFBDF960000 size=0x25000 path=C:\WINDOWS\SYSTEM32\dhcpcsvc.DLL
2026-08-19 04:11:56.007 [INFO] Module: AppXDeploymentClient.dll base=0x00007FFBDFA30000 size=0x171000 path=C:\Windows\System32\AppXDeploymentClient.dll
2026-08-19 04:11:56.007 [INFO] Module: MMDevApi.dll base=0x00007FFBDFCB0000 size=0xA6000 path=C:\WINDOWS\System32\MMDevApi.dll
2026-08-19 04:11:56.007 [INFO] Module: WINHTTP.dll base=0x00007FFBDFD60000 size=0x128000 path=C:\WINDOWS\SYSTEM32\WINHTTP.dll
2026-08-19 04:11:56.007 [INFO] Module: Microsoft.Internal.WarpPal.dll base=0x00007FFBE0E80000 size=0x19000 path=C:\WINDOWS\SYSTEM32\Microsoft.Internal.WarpPal.dll
2026-08-19 04:11:56.007 [INFO] Module: WindowsCodecs.dll base=0x00007FFBE0EA0000 size=0x22D000 path=C:\WINDOWS\SYSTEM32\WindowsCodecs.dll
2026-08-19 04:11:56.007 [INFO] Module: DWrite.dll base=0x00007FFBE1120000 size=0x267000 path=C:\WINDOWS\SYSTEM32\DWrite.dll
2026-08-19 04:11:56.007 [INFO] Module: d3d11.dll base=0x00007FFBE19D0000 size=0x260000 path=C:\WINDOWS\SYSTEM32\d3d11.dll
2026-08-19 04:11:56.007 [INFO] Module: wintypes.dll base=0x00007FFBE1C40000 size=0x16A000 path=C:\WINDOWS\SYSTEM32\wintypes.dll
2026-08-19 04:11:56.007 [INFO] Module: dcomp.dll base=0x00007FFBE20D0000 size=0x225000 path=C:\WINDOWS\SYSTEM32\dcomp.dll
2026-08-19 04:11:56.007 [INFO] Module: CoreMessaging.dll base=0x00007FFBE28D0000 size=0x12B000 path=C:\WINDOWS\SYSTEM32\CoreMessaging.dll
2026-08-19 04:11:56.007 [INFO] Module: PxFoundation_x64.dll base=0x00007FFBE3240000 size=0x13000 path=C:\Program Files (x86)\Steam\steamapps\common\ARK\Engine\Binaries\ThirdParty\PhysX\PhysX-3.4\Win64\VS2013\PxFoundation_x64.dll
2026-08-19 04:11:56.007 [INFO] Module: SensApi.dll base=0x00007FFBE3340000 size=0xB000 path=C:\WINDOWS\SYSTEM32\SensApi.dll
2026-08-19 04:11:56.007 [INFO] Module: XINPUT9_1_0.dll base=0x00007FFBE3350000 size=0x9000 path=C:\WINDOWS\SYSTEM32\XINPUT9_1_0.dll
2026-08-19 04:11:56.007 [INFO] Module: PROPSYS.dll base=0x00007FFBE35A0000 size=0xF4000 path=C:\WINDOWS\SYSTEM32\PROPSYS.dll
2026-08-19 04:11:56.007 [INFO] Module: apphelp.dll base=0x00007FFBE36A0000 size=0x9F000 path=C:\WINDOWS\SYSTEM32\apphelp.dll
2026-08-19 04:11:56.007 [INFO] Module: Secur32.dll base=0x00007FFBE3A50000 size=0xD000 path=C:\WINDOWS\SYSTEM32\Secur32.dll
2026-08-19 04:11:56.007 [INFO] Module: gameux.dll base=0x00007FFBE3AA0000 size=0xC000 path=C:\Windows\System32\gameux.dll
2026-08-19 04:11:56.007 [INFO] Module: libvorbisfile_64.dll base=0x00007FFBE3AC0000 size=0xD000 path=C:\Program Files (x86)\Steam\steamapps\common\ARK\Engine\Binaries\ThirdParty\Vorbis\Win64\VS2013\libvorbisfile_64.dll
2026-08-19 04:11:56.007 [INFO] Module: libogg_64.dll base=0x00007FFBE3AD0000 size=0xF000 path=C:\Program Files (x86)\Steam\steamapps\common\ARK\Engine\Binaries\ThirdParty\Ogg\Win64\VS2013\libogg_64.dll
2026-08-19 04:11:56.007 [INFO] Module: XAPOFX1_5.dll base=0x00007FFBE3AE0000 size=0x15000 path=C:\WINDOWS\SYSTEM32\XAPOFX1_5.dll
2026-08-19 04:11:56.007 [INFO] Module: WINNSI.DLL base=0x00007FFBE3C60000 size=0xE000 path=C:\WINDOWS\SYSTEM32\WINNSI.DLL
2026-08-19 04:11:56.007 [INFO] Module: uxtheme.dll base=0x00007FFBE3CB0000 size=0xA8000 path=C:\WINDOWS\system32\uxtheme.dll
2026-08-19 04:11:56.007 [INFO] Module: dxcore.dll base=0x00007FFBE3DB0000 size=0x45000 path=C:\WINDOWS\SYSTEM32\dxcore.dll
2026-08-19 04:11:56.007 [INFO] Module: dxgi.dll base=0x00007FFBE3E20000 size=0x13A000 path=C:\WINDOWS\SYSTEM32\dxgi.dll
2026-08-19 04:11:56.007 [INFO] Module: dwmapi.dll base=0x00007FFBE3F80000 size=0x2F000 path=C:\WINDOWS\SYSTEM32\dwmapi.dll
2026-08-19 04:11:56.007 [INFO] Module: wer.dll base=0x00007FFBE3FD0000 size=0xF2000 path=C:\WINDOWS\SYSTEM32\wer.dll
2026-08-19 04:11:56.007 [INFO] Module: resourcepolicyclient.dll base=0x00007FFBE4300000 size=0x14000 path=C:\WINDOWS\SYSTEM32\resourcepolicyclient.dll
2026-08-19 04:11:56.007 [INFO] Module: dbghelp.dll base=0x00007FFBE4720000 size=0x242000 path=C:\WINDOWS\SYSTEM32\dbghelp.dll
2026-08-19 04:11:56.007 [INFO] Module: windows.storage.dll base=0x00007FFBE4B60000 size=0x89B000 path=C:\WINDOWS\SYSTEM32\windows.storage.dll
2026-08-19 04:11:56.007 [INFO] Module: HID.DLL base=0x00007FFBE5400000 size=0xF000 path=C:\WINDOWS\SYSTEM32\HID.DLL
2026-08-19 04:11:56.007 [INFO] Module: netutils.dll base=0x00007FFBE56B0000 size=0xD000 path=C:\WINDOWS\SYSTEM32\netutils.dll
2026-08-19 04:11:56.007 [INFO] Module: IPHLPAPI.DLL base=0x00007FFBE5780000 size=0x33000 path=C:\WINDOWS\SYSTEM32\IPHLPAPI.DLL
2026-08-19 04:11:56.007 [INFO] Module: schannel.DLL base=0x00007FFBE5BB0000 size=0xC5000 path=C:\WINDOWS\system32\schannel.DLL
2026-08-19 04:11:56.007 [INFO] Module: rsaenh.dll base=0x00007FFBE5CE0000 size=0x39000 path=C:\WINDOWS\system32\rsaenh.dll
2026-08-19 04:11:56.007 [INFO] Module: kernel.appcore.dll base=0x00007FFBE5D80000 size=0x1B000 path=C:\WINDOWS\SYSTEM32\kernel.appcore.dll
2026-08-19 04:11:56.007 [INFO] Module: ntmarta.dll base=0x00007FFBE5EB0000 size=0x36000 path=C:\WINDOWS\SYSTEM32\ntmarta.dll
2026-08-19 04:11:56.007 [INFO] Module: SspiCli.dll base=0x00007FFBE6030000 size=0x49000 path=C:\WINDOWS\SYSTEM32\SspiCli.dll
2026-08-19 04:11:56.007 [INFO] Module: MSWSOCK.dll base=0x00007FFBE6310000 size=0x6C000 path=C:\WINDOWS\SYSTEM32\MSWSOCK.dll
2026-08-19 04:11:56.007 [INFO] Module: gpapi.dll base=0x00007FFBE6390000 size=0x25000 path=C:\WINDOWS\SYSTEM32\gpapi.dll
2026-08-19 04:11:56.007 [INFO] Module: USERENV.dll base=0x00007FFBE63C0000 size=0x32000 path=C:\WINDOWS\SYSTEM32\USERENV.dll
2026-08-19 04:11:56.007 [INFO] Module: CRYPTBASE.DLL base=0x00007FFBE6570000 size=0xC000 path=C:\WINDOWS\SYSTEM32\CRYPTBASE.DLL
2026-08-19 04:11:56.007 [INFO] Module: wldp.dll base=0x00007FFBE6630000 size=0x6A000 path=C:\WINDOWS\SYSTEM32\wldp.dll
2026-08-19 04:11:56.007 [INFO] Module: CRYPTSP.dll base=0x00007FFBE6730000 size=0x1B000 path=C:\WINDOWS\System32\CRYPTSP.dll
2026-08-19 04:11:56.007 [INFO] Module: msasn1.dll base=0x00007FFBE67A0000 size=0x13000 path=C:\WINDOWS\SYSTEM32\msasn1.dll
2026-08-19 04:11:56.007 [INFO] Module: NTASN1.dll base=0x00007FFBE6850000 size=0x3F000 path=C:\WINDOWS\SYSTEM32\NTASN1.dll
2026-08-19 04:11:56.007 [INFO] Module: ncrypt.dll base=0x00007FFBE68A0000 size=0x30000 path=C:\WINDOWS\SYSTEM32\ncrypt.dll
2026-08-19 04:11:56.007 [INFO] Module: DEVOBJ.dll base=0x00007FFBE6C60000 size=0x2F000 path=C:\WINDOWS\System32\DEVOBJ.dll
2026-08-19 04:11:56.007 [INFO] Module: cfgmgr32.dll base=0x00007FFBE6CA0000 size=0x52000 path=C:\WINDOWS\SYSTEM32\cfgmgr32.dll
2026-08-19 04:11:56.007 [INFO] Module: DPAPI.DLL base=0x00007FFBE6D20000 size=0xA000 path=C:\WINDOWS\System32\DPAPI.DLL
2026-08-19 04:11:56.007 [INFO] Module: UMPDC.dll base=0x00007FFBE6D50000 size=0x15000 path=C:\WINDOWS\SYSTEM32\UMPDC.dll
2026-08-19 04:11:56.007 [INFO] Module: POWRPROF.dll base=0x00007FFBE6D70000 size=0x5E000 path=C:\WINDOWS\SYSTEM32\POWRPROF.dll
2026-08-19 04:11:56.007 [INFO] Module: bcrypt.dll base=0x00007FFBE6FC0000 size=0x2A000 path=C:\WINDOWS\SYSTEM32\bcrypt.dll
2026-08-19 04:11:56.007 [INFO] Module: profapi.dll base=0x00007FFBE6FF0000 size=0x29000 path=C:\WINDOWS\SYSTEM32\profapi.dll
2026-08-19 04:11:56.007 [INFO] Module: gdi32full.dll base=0x00007FFBE70D0000 size=0x129000 path=C:\WINDOWS\System32\gdi32full.dll
2026-08-19 04:11:56.007 [INFO] Module: CRYPT32.dll base=0x00007FFBE7200000 size=0x17E000 path=C:\WINDOWS\System32\CRYPT32.dll
2026-08-19 04:11:56.007 [INFO] Module: msvcp_win.dll base=0x00007FFBE7420000 size=0xA3000 path=C:\WINDOWS\System32\msvcp_win.dll
2026-08-19 04:11:56.007 [INFO] Module: bcryptPrimitives.dll base=0x00007FFBE74D0000 size=0xAC000 path=C:\WINDOWS\System32\bcryptPrimitives.dll
2026-08-19 04:11:56.007 [INFO] Module: KERNELBASE.dll base=0x00007FFBE7590000 size=0x3FF000 path=C:\WINDOWS\System32\KERNELBASE.dll
2026-08-19 04:11:56.007 [INFO] Module: ucrtbase.dll base=0x00007FFBE7A60000 size=0x14C000 path=C:\WINDOWS\System32\ucrtbase.dll
2026-08-19 04:11:56.007 [INFO] Module: win32u.dll base=0x00007FFBE7BC0000 size=0x27000 path=C:\WINDOWS\System32\win32u.dll
2026-08-19 04:11:56.007 [INFO] Module: SHELL32.dll base=0x00007FFBE7BF0000 size=0x788000 path=C:\WINDOWS\System32\SHELL32.dll
2026-08-19 04:11:56.007 [INFO] Module: PSAPI.DLL base=0x00007FFBE8380000 size=0x8000 path=C:\WINDOWS\System32\PSAPI.DLL
2026-08-19 04:11:56.007 [INFO] Module: SETUPAPI.dll base=0x00007FFBE8390000 size=0x487000 path=C:\WINDOWS\System32\SETUPAPI.dll
2026-08-19 04:11:56.007 [INFO] Module: sechost.dll base=0x00007FFBE8820000 size=0xAA000 path=C:\WINDOWS\System32\sechost.dll
2026-08-19 04:11:56.007 [INFO] Module: ole32.dll base=0x00007FFBE8930000 size=0x199000 path=C:\WINDOWS\System32\ole32.dll
2026-08-19 04:11:56.007 [INFO] Module: imagehlp.dll base=0x00007FFBE8AD0000 size=0x20000 path=C:\WINDOWS\System32\imagehlp.dll
2026-08-19 04:11:56.007 [INFO] Module: msctf.dll base=0x00007FFBE8B00000 size=0x15D000 path=C:\WINDOWS\System32\msctf.dll
2026-08-19 04:11:56.007 [INFO] Module: IMM32.DLL base=0x00007FFBE8C70000 size=0x32000 path=C:\WINDOWS\System32\IMM32.DLL
2026-08-19 04:11:56.007 [INFO] Module: shcore.dll base=0x00007FFBE8CB0000 size=0xF9000 path=C:\WINDOWS\System32\shcore.dll
2026-08-19 04:11:56.007 [INFO] Module: Normaliz.dll base=0x00007FFBE8DB0000 size=0x8000 path=C:\WINDOWS\System32\Normaliz.dll
2026-08-19 04:11:56.007 [INFO] Module: WLDAP32.dll base=0x00007FFBE8DC0000 size=0x73000 path=C:\WINDOWS\System32\WLDAP32.dll
2026-08-19 04:11:56.007 [INFO] Module: advapi32.dll base=0x00007FFBE8F40000 size=0xBC000 path=C:\WINDOWS\System32\advapi32.dll
2026-08-19 04:11:56.007 [INFO] Module: KERNEL32.DLL base=0x00007FFBE9060000 size=0xC9000 path=C:\WINDOWS\System32\KERNEL32.DLL
2026-08-19 04:11:56.007 [INFO] Module: clbcatq.dll base=0x00007FFBE9310000 size=0xAE000 path=C:\WINDOWS\System32\clbcatq.dll
2026-08-19 04:11:56.007 [INFO] Module: GDI32.dll base=0x00007FFBE93D0000 size=0x2B000 path=C:\WINDOWS\System32\GDI32.dll
2026-08-19 04:11:56.007 [INFO] Module: NSI.dll base=0x00007FFBE9400000 size=0xA000 path=C:\WINDOWS\System32\NSI.dll
2026-08-19 04:11:56.007 [INFO] Module: OLEAUT32.dll base=0x00007FFBE9430000 size=0xD9000 path=C:\WINDOWS\System32\OLEAUT32.dll
2026-08-19 04:11:56.007 [INFO] Module: WS2_32.dll base=0x00007FFBE9530000 size=0x82000 path=C:\WINDOWS\System32\WS2_32.dll
2026-08-19 04:11:56.007 [INFO] Module: RPCRT4.dll base=0x00007FFBE95C0000 size=0x118000 path=C:\WINDOWS\System32\RPCRT4.dll
2026-08-19 04:11:56.007 [INFO] Module: combase.dll base=0x00007FFBE96E0000 size=0x385000 path=C:\WINDOWS\System32\combase.dll
2026-08-19 04:11:56.007 [INFO] Module: SHLWAPI.dll base=0x00007FFBE9B90000 size=0x66000 path=C:\WINDOWS\System32\SHLWAPI.dll
2026-08-19 04:11:56.007 [INFO] Module: USER32.dll base=0x00007FFBE9C00000 size=0x1C6000 path=C:\WINDOWS\System32\USER32.dll
2026-08-19 04:11:56.007 [INFO] Module: msvcrt.dll base=0x00007FFBE9DD0000 size=0xA9000 path=C:\WINDOWS\System32\msvcrt.dll
2026-08-19 04:11:56.007 [INFO] Module: ntdll.dll base=0x00007FFBE9EC0000 size=0x266000 path=C:\WINDOWS\SYSTEM32\ntdll.dll
2026-08-19 04:11:56.008 [INFO] Build fingerprint: fileLength=80346664 lastWriteUtc=2026-08-17T08:21:59Z
2026-08-19 04:11:56.088 [INFO] Build fingerprint: SHA256=9BC401417A776C5244A1B0B3255DC3AF4A9D73E3F5C1BA96228FBE3FB1A43477
2026-08-19 04:11:56.088 [INFO] Build profile fingerprint verified.
2026-08-19 04:11:56.171 [INFO] GNames global=0x00007FF73DB3AC78 table=0x00000295F598FAF0 index0='None'
2026-08-19 04:11:56.172 [INFO] Scanning readable pages of ShooterGame.exe for the configured GWorld signature...
2026-08-19 04:11:56.380 [INFO] GWorld signature match: 0x00007FF73A0FF190 (matches collected: 1)
2026-08-19 04:11:56.380 [INFO] Resolved GWorld global address: 0x00007FF73DB0C2A8
2026-08-19 04:11:56.380 [INFO] UWorld: 0x00000296798F4C80
2026-08-19 04:11:56.382 [INFO] UWorld Levels: data=0x00000298080DC180, count=21
2026-08-19 04:11:56.382 [INFO] PersistentLevel: 0x00000296CCBC7A80
2026-08-19 04:11:56.384 [INFO] Level 0x00000296CCBC7A80: Actors data=0x000002981D5E0000, count=3984
2026-08-19 04:11:56.384 [ACTOR] index=0 actor=0x00000296C544A440 root=0x00000297DFC0F800 class=PrimalWorldSettings name=PrimalWorldSettings team=0 relative=(0.00, 0.00, 0.00)
2026-08-19 04:11:56.385 [ACTOR] index=1 actor=0x0000029594E99200 root=0x00000296F6781000 class=DirectionalLight name=DirectionalLight team=0 relative=(39845.00, 43790.00, -2241.02)
2026-08-19 04:11:56.385 [ACTOR] index=2 actor=0x000002971CFDDB00 root=0x00000296F678F400 class=SkyLight name=SkyLight1 team=0 relative=(0.00, 0.00, 7855.31)
2026-08-19 04:11:56.385 [ACTOR] index=3 actor=0x00000296EF2AAD60 root=0x0000029704364800 class=Global_PostProcess_Blueprint_C name=Global_PostProcess_Blueprint team=0 relative=(46492.87, 47630.14, -19560.57)
2026-08-19 04:11:56.385 [ACTOR] index=5 actor=0x0000029704366800 root=0x00000296B9E7D480 class=CameraActor name=StartingCamera team=0 relative=(-112729.30, 239368.90, -13349.54)
2026-08-19 04:11:56.385 [ACTOR] index=6 actor=0x00000296C377DB00 root=0x0000029705441000 class=WindDirectionalSource name=WindDirectionalSource_0 team=0 relative=(46590.00, 50010.00, -19660.00)
2026-08-19 04:11:56.385 [ACTOR] index=8 actor=0x000002971CFD0000 root=0x00000296BDF5C000 class=StaticMeshActor name=Dirt_Plane_2700 team=0 relative=(-109730.00, -16014.63, -45977.77)
2026-08-19 04:11:56.385 [ACTOR] index=9 actor=0x00000296AF580AA0 root=0x00000297E1CFBB00 class=DayCycleAmbientSound name=DayCycleAmbientSound_0 team=0 relative=(68089.28, 267436.60, -6252.46)
2026-08-19 04:11:56.385 [ACTOR] index=10 actor=0x00000296A8BB7A30 root=0x00000297E1CF8140 class=DayCycleAmbientSound name=DayCycleAmbientSound_1 team=0 relative=(68089.28, 267436.60, -6252.46)
2026-08-19 04:11:56.385 [ACTOR] index=12 actor=0x00000296AF583A70 root=0x000002977E9B5000 class=TileStreamingVolume name=Cave1TileStreamingVolume team=0 relative=(27334.45, 249943.00, -23626.81)
2026-08-19 04:11:56.385 [ACTOR] index=13 actor=0x00000296AF587F80 root=0x000002977E9B0800 class=TileStreamingVolume name=Cave1TileStreamingVolume_2 team=0 relative=(27334.33, 260574.40, -27220.92)
2026-08-19 04:11:56.385 [ACTOR] index=14 actor=0x00000296AF580000 root=0x000002977E9BB800 class=TileStreamingVolume name=Cave1TileStreamingVolume_3 team=0 relative=(27334.33, 266144.40, -27836.95)
2026-08-19 04:11:56.385 [ACTOR] index=15 actor=0x00000296AF5864F0 root=0x000002977E9B7800 class=TileStreamingVolume name=Cave1TileStreamingVolume_4 team=0 relative=(27334.33, 274533.00, -26237.47)
2026-08-19 04:11:56.385 [ACTOR] index=16 actor=0x00000296BEFC2530 root=0x00000297A3CC1000 class=TileStreamingVolume name=TileStreamingVolume_23 team=0 relative=(27334.33, 278524.80, -25966.98)
2026-08-19 04:11:56.385 [ACTOR] index=17 actor=0x00000297AC346D80 root=0x000002977E9B2000 class=PostProcessVolume name=Cave1GeneralPostProcess_2 team=0 relative=(16523.75, 51662.17, -35581.91)
2026-08-19 04:11:56.385 [ACTOR] index=18 actor=0x000002967CE79200 root=0x00000296C851DA40 class=ExponentialHeightFog name=Cave1_ExponentialHeightFog team=0 relative=(-138350.00, -135960.00, -3540.00)
2026-08-19 04:11:56.385 [ACTOR] index=19 actor=0x000002967CE7DF90 root=0x00000296C851A680 class=ExponentialHeightFog name=WeatherGlobalOutdoorrFog team=0 relative=(-109281.70, 230574.10, 50000.00)
2026-08-19 04:11:56.385 [ACTOR] index=20 actor=0x00000297AC347FC0 root=0x000002970A86B000 class=PostProcessVolume name=Cave02_Encompassing_PostProcess team=0 relative=(68571.84, -33290.56, -35605.01)
2026-08-19 04:11:56.385 [ACTOR] index=21 actor=0x000002967CE7E420 root=0x00000296C851BD00 class=ExponentialHeightFog name=Cave2_ExponentialHeightFog_2 team=0 relative=(-89650.00, -135960.00, -3540.00)
2026-08-19 04:11:56.385 [ACTOR] index=22 actor=0x00000296BEFC0AA0 root=0x00000297A3CC0000 class=TileStreamingVolume name=TileStreamingVolume_3 team=0 relative=(61323.15, 136776.60, -17240.35)
2026-08-19 04:11:56.385 [ACTOR] index=23 actor=0x00000296BEFC0FF0 root=0x00000297A3CC9000 class=TileStreamingVolume name=TileStreamingVolume_27 team=0 relative=(75425.15, 141746.90, -19306.01)
2026-08-19 04:11:56.385 [ACTOR] index=24 actor=0x00000296F0BCF9B0 root=0x000002977E9BC800 class=TileStreamingVolume name=Cave2TileStreamingVolume_3 team=0 relative=(81832.24, 172606.90, -28624.20)
2026-08-19 04:11:56.385 [ACTOR] index=25 actor=0x000002971CFD3FE0 root=0x000002988EA7BC00 class=MatineeValueInterpolationContainer_C name=MatineeValueInterpolationContainer_4 team=0 relative=(-108974.40, 195148.60, -6099.45)
2026-08-19 04:11:56.385 [ACTOR] index=26 actor=0x00000296AEE8D480 root=0x000002971566F800 class=PlayerStart name=PlayerStart_63PrimaryStart team=0 relative=(-113927.00, 234912.80, -14334.56)
2026-08-19 04:11:56.385 [ACTOR] index=27 actor=0x00000296DA1C84D0 root=0x0000029839BD3000 class=PlayerStart name=PlayerStart_164 team=0 relative=(-88001.56, 217960.60, -14241.48)
2026-08-19 04:11:56.385 [ACTOR] index=28 actor=0x00000296AEE80000 root=0x000002971566D000 class=PlayerStart name=PlayerStart_65 team=0 relative=(-84755.56, 213967.60, -14222.90)
2026-08-19 04:11:56.385 [ACTOR] index=29 actor=0x00000296AEE8BF40 root=0x000002971566D800 class=PlayerStart name=PlayerStart_66 team=0 relative=(-81190.56, 209755.60, -13933.01)
2026-08-19 04:11:56.385 [ACTOR] index=30 actor=0x00000296AEE8E470 root=0x000002971566F000 class=PlayerStart name=PlayerStart_67 team=0 relative=(-80587.56, 203726.60, -14292.87)
2026-08-19 04:11:56.385 [ACTOR] index=31 actor=0x00000296AEE81A90 root=0x000002971566B800 class=PlayerStart name=PlayerStart_68 team=0 relative=(-91313.56, 224024.60, -14317.98)
2026-08-19 04:11:56.385 [ACTOR] index=32 actor=0x00000296AEE81540 root=0x0000029715669000 class=PlayerStart name=PlayerStart_69 team=0 relative=(-97059.56, 226600.60, -14242.47)
2026-08-19 04:11:56.385 [ACTOR] index=33 actor=0x00000296AEE85A50 root=0x000002971566A000 class=PlayerStart name=PlayerStart_70 team=0 relative=(-100523.60, 229131.60, -14274.92)
2026-08-19 04:11:56.385 [ACTOR] index=34 actor=0x00000296AEE8B4A0 root=0x000002971566C800 class=PlayerStart name=PlayerStart_71 team=0 relative=(-103850.60, 232168.60, -14241.42)
2026-08-19 04:11:56.385 [ACTOR] index=35 actor=0x00000296AEE874E0 root=0x000002971566A800 class=PlayerStart name=PlayerStart_72 team=0 relative=(-107656.60, 235113.60, -14311.74)
2026-08-19 04:11:56.385 [ACTOR] index=36 actor=0x00000296AEE84FB0 root=0x0000029715668800 class=PlayerStart name=PlayerStart_73 team=0 relative=(-113031.60, 234143.60, -14309.99)
2026-08-19 04:11:56.385 [ACTOR] index=37 actor=0x00000296AEE8D9D0 root=0x000002971566E000 class=PlayerStart name=PlayerStart_74 team=0 relative=(-110419.60, 231898.60, -14333.36)
2026-08-19 04:11:56.385 [ACTOR] index=38 actor=0x00000296AEE8DF20 root=0x000002971566E800 class=PlayerStart name=PlayerStart_75 team=0 relative=(-106773.60, 229210.60, -14086.13)
2026-08-19 04:11:56.385 [ACTOR] index=39 actor=0x00000296AEE8A4B0 root=0x000002971566B000 class=PlayerStart name=PlayerStart_76 team=0 relative=(-104786.60, 225978.60, -14308.82)
2026-08-19 04:11:56.385 [ACTOR] index=40 actor=0x00000296AEE82FD0 root=0x000002967B3B8800 class=PlayerStart name=PlayerStart_77 team=0 relative=(-104084.60, 222165.60, -14273.97)
2026-08-19 04:11:56.385 [ACTOR] index=41 actor=0x00000296AEE87F80 root=0x000002967B3B9800 class=PlayerStart name=PlayerStart_78 team=0 relative=(-103990.60, 218904.60, -14291.49)
2026-08-19 04:11:56.385 [ACTOR] index=42 actor=0x00000296AEE83520 root=0x000002967B3B9000 class=PlayerStart name=PlayerStart_79 team=0 relative=(-102352.60, 216057.60, -14311.01)
2026-08-19 04:11:56.385 [ACTOR] index=43 actor=0x00000296C8D9C9E0 root=0x000002968654E800 class=PlayerStart name=PlayerStart_80 team=0 relative=(-99508.56, 212973.60, -14325.28)
2026-08-19 04:11:56.385 [ACTOR] index=44 actor=0x00000296C8D9E9C0 root=0x000002978564A000 class=PlayerStart name=PlayerStart_81 team=0 relative=(-96695.56, 209451.60, -14331.55)
2026-08-19 04:11:56.385 [ACTOR] index=45 actor=0x00000296C8D9DF20 root=0x000002978564F800 class=PlayerStart name=PlayerStart_82 team=0 relative=(-94043.56, 205948.60, -14334.56)
2026-08-19 04:11:56.385 [ACTOR] index=46 actor=0x00000296D418A440 root=0x00000297E210E000 class=PostProcessVolume name=PostProcessVolume_263 team=0 relative=(289080.00, 155170.00, -15550.00)
2026-08-19 04:11:56.385 [ACTOR] index=47 actor=0x000002971CFDDF90 root=0x00000296C851DC80 class=ExponentialHeightFog name=Cave3_ExponentialHeightFog team=0 relative=(-15190.00, -135960.00, -3540.00)
2026-08-19 04:11:56.385 [ACTOR] index=48 actor=0x00000296AF585A50 root=0x000002977E9B9000 class=TileStreamingVolume name=Cave03_TileStreamingVolume team=0 relative=(289081.00, 155171.00, -15550.00)
2026-08-19 04:11:56.385 [ACTOR] index=49 actor=0x00000296B9E7F9B0 root=0x00000297A3CC3000 class=TileStreamingVolume name=TileStreamingVolume_5 team=0 relative=(287328.00, 161718.00, -13868.00)
2026-08-19 04:11:56.385 [ACTOR] index=50 actor=0x000002971CFD4900 root=0x00000296C8511680 class=ExponentialHeightFog name=Cave5ExponentialHeightFog team=0 relative=(-17655.00, -70770.00, -1730.00)
2026-08-19 04:11:56.385 [ACTOR] index=51 actor=0x00000296709B1240 root=0x00000297E2102800 class=PostProcessVolume name=PostProcessVolume_4 team=0 relative=(-30775.00, -91735.00, 0.00)
2026-08-19 04:11:56.385 [ACTOR] index=52 actor=0x00000296709B5B40 root=0x00000297E2105800 class=PostProcessVolume name=PostProcessVolume_264 team=0 relative=(-249156.70, -242063.90, -11044.20)
2026-08-19 04:11:56.385 [ACTOR] index=53 actor=0x000002971CFDB1F0 root=0x00000296C851EE80 class=ExponentialHeightFog name=Cave6ExponentialHeightFog team=0 relative=(-258329.00, -250908.00, -11089.00)
2026-08-19 04:11:56.385 [ACTOR] index=54 actor=0x00000296AF58B9F0 root=0x000002977E9B2800 class=TileStreamingVolume name=Cave06_TileVolume_2 team=0 relative=(-249155.70, -242062.90, -11044.20)
2026-08-19 04:11:56.385 [ACTOR] index=55 actor=0x00000296F0BCC9E0 root=0x000002977E9B8800 class=PhysicsVolume name=Cave7_PhysicsVolume_37 team=0 relative=(279540.00, -280950.00, -13445.00)
2026-08-19 04:11:56.385 [ACTOR] index=56 actor=0x00000296D41876A0 root=0x00000297E2106000 class=PostProcessVolume name=PostProcessVolume_2 team=0 relative=(278315.00, -280275.00, -14075.00)
2026-08-19 04:11:56.385 [ACTOR] index=57 actor=0x000002971CFD5220 root=0x00000296C851F9C0 class=ExponentialHeightFog name=Cave7ExponentialHeightFog_2 team=0 relative=(278010.00, -273200.00, -15780.00)
2026-08-19 04:11:56.385 [ACTOR] index=58 actor=0x00000296F0BC6A40 root=0x000002977E9BB000 class=PhysicsVolume name=Cave7_WaterPhysicsVolume team=0 relative=(281745.00, -277070.00, -13445.00)
2026-08-19 04:11:56.385 [ACTOR] index=59 actor=0x00000296F0BC1A90 root=0x000002977E9B6800 class=TileStreamingVolume name=Cave7TileVolume team=0 relative=(278766.00, -280774.00, -14075.00)
2026-08-19 04:11:56.385 [ACTOR] index=60 actor=0x00000296B9E7F460 root=0x00000297A3CC3800 class=TileStreamingVolume name=TileStreamingVolume_6 team=0 relative=(280410.00, -280111.00, -13755.00)
2026-08-19 04:11:56.386 [ACTOR] index=61 actor=0x00000296778A0000 root=0x00000297DFC0D000 class=BP_IslandWaterPlane_C name=BP_IslandWaterPlane_C_0 team=0 relative=(0.00, 0.00, -14460.24)
2026-08-19 04:11:56.386 [ACTOR] index=62 actor=0x000002971405DB00 root=0x00000297E2107800 class=PostProcessVolume name=PostProcessVolume_0 team=0 relative=(1373.76, -3784.85, -32172.94)
2026-08-19 04:11:56.386 [ACTOR] index=63 actor=0x00000296B86536C0 root=0x000002980C9BD800 class=PostProcessVolume name=PostProcessVolume35 team=0 relative=(185854.30, 850.06, -11778.69)
2026-08-19 04:11:56.386 [ACTOR] index=64 actor=0x00000296B8656460 root=0x000002980C9BC800 class=PostProcessVolume name=PostProcessVolume36 team=0 relative=(-135030.00, -107248.00, -3076.00)
2026-08-19 04:11:56.386 [ACTOR] index=65 actor=0x00000296B8655B40 root=0x000002980C9BA000 class=PostProcessVolume name=PostProcessVolume37 team=0 relative=(-63065.00, -233669.00, -10682.13)
2026-08-19 04:11:56.386 [ACTOR] index=66 actor=0x00000296B8652DA0 root=0x000002980C9B9800 class=PostProcessVolume name=PostProcessVolume38 team=0 relative=(-64269.00, -200317.00, -8266.98)
2026-08-19 04:11:56.386 [ACTOR] index=67 actor=0x00000297AC3436C0 root=0x000002980C9B9000 class=PostProcessVolume name=PostProcessVolume39 team=0 relative=(211329.30, 49812.69, -11778.20)
2026-08-19 04:11:56.386 [ACTOR] index=68 actor=0x00000296B8651240 root=0x000002980C9B8800 class=PostProcessVolume name=PostProcessVolume40 team=0 relative=(-78175.64, -156472.70, -5076.86)
2026-08-19 04:11:56.386 [ACTOR] index=69 actor=0x00000296B865D1E0 root=0x000002980C9B6800 class=PostProcessVolume name=PostProcessVolume41 team=0 relative=(-167811.00, -34876.00, -6883.00)
2026-08-19 04:11:56.386 [ACTOR] index=70 actor=0x00000296B8650000 root=0x000002980C9B5800 class=PostProcessVolume name=PostProcessVolume42 team=0 relative=(-221246.00, 179460.00, -10878.95)
2026-08-19 04:11:56.386 [ACTOR] index=71 actor=0x00000296B8651B60 root=0x000002980C9B7000 class=PostProcessVolume name=PostProcessVolume43 team=0 relative=(-226722.00, 185064.00, -10878.95)
2026-08-19 04:11:56.386 [ACTOR] index=72 actor=0x00000296B8659B20 root=0x000002980C9B2000 class=PostProcessVolume name=PostProcessVolume44 team=0 relative=(-232343.00, 185064.00, -10878.95)
2026-08-19 04:11:56.386 [ACTOR] index=73 actor=0x00000296B86576A0 root=0x000002980C9BE800 class=PostProcessVolume name=PostProcessVolume45 team=0 relative=(-237942.00, 185064.00, -10878.95)
2026-08-19 04:11:56.386 [ACTOR] index=74 actor=0x00000295AB5BBFA0 root=0x000002980C9BA800 class=PostProcessVolume name=PostProcessVolume46 team=0 relative=(-229635.30, 220925.60, -12881.87)
2026-08-19 04:11:56.386 [ACTOR] index=75 actor=0x00000295AB5BD1E0 root=0x000002980C9B6000 class=PostProcessVolume name=PostProcessVolume47 team=0 relative=(155757.10, -60850.21, -11792.00)
2026-08-19 04:11:56.386 [ACTOR] index=76 actor=0x000002970495A440 root=0x000002980C9B5000 class=PostProcessVolume name=PostProcessVolume48 team=0 relative=(-162984.00, -48997.00, -3076.00)
2026-08-19 04:11:56.386 [ACTOR] index=77 actor=0x00000296ADAE5220 root=0x000002980C9BB800 class=PostProcessVolume name=PostProcessVolume49 team=0 relative=(-231693.30, 218340.60, -12881.87)
2026-08-19 04:11:56.386 [ACTOR] index=78 actor=0x00000296ADAE2480 root=0x000002980C9B0000 class=PostProcessVolume name=PostProcessVolume50 team=0 relative=(-234106.30, 224832.60, -12881.87)
2026-08-19 04:11:56.386 [ACTOR] index=79 actor=0x00000296ADAE9B20 root=0x000002980C9B4000 class=PostProcessVolume name=PostProcessVolume51 team=0 relative=(-230113.30, 225144.60, -12881.87)
2026-08-19 04:11:56.386 [ACTOR] index=80 actor=0x00000296ADAE2DA0 root=0x000002980C9B3800 class=PostProcessVolume name=PostProcessVolume52 team=0 relative=(-226446.30, 224989.60, -12880.01)
2026-08-19 04:11:56.386 [ACTOR] index=81 actor=0x00000296ADAE1B60 root=0x000002980C9B3000 class=PostProcessVolume name=PostProcessVolume53 team=0 relative=(-173186.00, -19298.00, -6876.18)
2026-08-19 04:11:56.386 [ACTOR] index=82 actor=0x00000296709BF660 root=0x00000297E2103000 class=PostProcessVolume name=PostProcessVolume_3 team=0 relative=(-211329.00, -19486.00, -9865.71)
2026-08-19 04:11:56.386 [ACTOR] index=83 actor=0x00000296ADAEB680 root=0x000002980C9B1800 class=PostProcessVolume name=PostProcessVolume56 team=0 relative=(162093.30, -58150.31, -11792.00)
2026-08-19 04:11:56.386 [ACTOR] index=84 actor=0x00000296ADAE6460 root=0x000002980C9B1000 class=PostProcessVolume name=PostProcessVolume57 team=0 relative=(162695.30, -53288.31, -11792.00)
2026-08-19 04:11:56.386 [ACTOR] index=85 actor=0x00000296ADAEC8C0 root=0x000002980C9B7800 class=PostProcessVolume name=PostProcessVolume58 team=0 relative=(162695.30, -53288.31, -11792.00)
2026-08-19 04:11:56.386 [ACTOR] index=86 actor=0x00000296ADAED1E0 root=0x000002980C9B8000 class=PostProcessVolume name=PostProcessVolume59 team=0 relative=(169338.30, -47091.31, -11792.00)
2026-08-19 04:11:56.386 [ACTOR] index=87 actor=0x00000296B865AD60 root=0x00000296AAF94000 class=PostProcessVolume name=LakePostProcessVolume02 team=0 relative=(156294.00, -220819.00, -14642.40)
2026-08-19 04:11:56.386 [ACTOR] index=88 actor=0x00000296B865ED40 root=0x00000296AAF91800 class=PostProcessVolume name=LakePostProcessVolume01 team=0 relative=(163075.00, -252427.00, -14273.86)
2026-08-19 04:11:56.386 [ACTOR] index=89 actor=0x00000296B865E420 root=0x00000296AAF9B800 class=PostProcessVolume name=LakePostProcessVolume04 team=0 relative=(171638.20, -199240.80, -14708.80)
2026-08-19 04:11:56.386 [ACTOR] index=90 actor=0x00000296B8654900 root=0x00000296AAF94800 class=PostProcessVolume name=LakePostProcessVolume03 team=0 relative=(-120394.00, 95550.00, -10386.89)
2026-08-19 04:11:56.386 [ACTOR] index=91 actor=0x00000296ADAEBFA0 root=0x000002980C9B0800 class=PostProcessVolume name=PostProcessVolume64 team=0 relative=(151518.30, 58067.69, -14177.43)
2026-08-19 04:11:56.386 [ACTOR] index=92 actor=0x00000296ADAE9200 root=0x000002980C9B4800 class=PostProcessVolume name=PostProcessVolume65 team=0 relative=(168711.00, 42345.88, -12284.87)
2026-08-19 04:11:56.386 [ACTOR] index=93 actor=0x00000296ADAEA440 root=0x000002980C9BF800 class=PostProcessVolume name=PostProcessVolume66 team=0 relative=(206232.30, 43855.68, -11776.84)
2026-08-19 04:11:56.386 [ACTOR] index=94 actor=0x0000029671F46460 root=0x000002980C9BC000 class=PostProcessVolume name=PostProcessVolume67 team=0 relative=(206232.30, 40612.69, -11776.63)
2026-08-19 04:11:56.386 [ACTOR] index=95 actor=0x0000029671F40920 root=0x00000297E2100800 class=PostProcessVolume name=PostProcessVolume68 team=0 relative=(213834.30, 47711.69, -11780.00)
2026-08-19 04:11:56.386 [ACTOR] index=96 actor=0x00000296EF2A7FC0 root=0x00000296EF988000 class=PostProcessVolume name=UnderWaterCave_Medium_PostProcessVolume_3 team=0 relative=(327385.90, -114496.90, -44325.00)
2026-08-19 04:11:56.386 [ACTOR] index=97 actor=0x00000296EF2AB680 root=0x00000296EF98E800 class=PostProcessVolume name=UnderWaterCave_SmalPostProcessVolume_3 team=0 relative=(336186.00, 21642.94, -44625.00)
2026-08-19 04:11:56.386 [ACTOR] index=98 actor=0x00000296EF2AC8C0 root=0x00000296EF98B000 class=PostProcessVolume name=UnderWaterCave_BigPostProcessVolume_3 team=0 relative=(322536.00, 296643.00, -44375.00)
2026-08-19 04:11:56.386 [ACTOR] index=99 actor=0x00000296EF2A2480 root=0x00000296EF98C000 class=PostProcessVolume name=UnderWaterCave_Medium_PostProcessVolume_4 team=0 relative=(-222190.30, -320199.20, -40241.01)
2026-08-19 04:11:56.386 [ACTOR] index=100 actor=0x00000296EF2AE420 root=0x00000296EF981800 class=PostProcessVolume name=UnderWaterCave_SmalPostProcessVolume_4 team=0 relative=(-79199.96, -316964.70, -40575.00)
2026-08-19 04:11:56.386 [ACTOR] index=101 actor=0x00000296EF2ABFA0 root=0x00000296EF98C800 class=PostProcessVolume name=UnderWaterCave_BigPostProcessVolume_4 team=0 relative=(321236.10, -336603.40, -43958.83)
2026-08-19 04:11:56.386 [ACTOR] index=102 actor=0x00000296EF2A5B40 root=0x00000296EF985000 class=PostProcessVolume name=UnderWaterCave_Medium_PostProcessVolume team=0 relative=(175457.10, 324486.00, -43825.00)
2026-08-19 04:11:56.386 [ACTOR] index=103 actor=0x00000296EF2A36C0 root=0x00000296EF986800 class=PostProcessVolume name=UnderWaterCave_BigPostProcessVolume team=0 relative=(-106028.40, 322093.60, -44175.00)
2026-08-19 04:11:56.386 [ACTOR] index=104 actor=0x00000296EF2ADB00 root=0x00000296EF98F000 class=PostProcessVolume name=UnderWaterCave_SmalPostProcessVolume_2 team=0 relative=(-292386.00, 328207.00, -44525.00)
2026-08-19 04:11:56.386 [ACTOR] index=105 actor=0x00000296EF2A3FE0 root=0x00000296EF983000 class=PostProcessVolume name=UnderWaterCave_BigPostProcessVolume_5 team=0 relative=(-314578.30, 267543.70, -40125.00)
2026-08-19 04:11:56.386 [ACTOR] index=106 actor=0x00000296EF2A2DA0 root=0x00000296EF982800 class=PostProcessVolume name=UnderWaterCave_Medium_PostProcessVolume_5 team=0 relative=(-315031.10, 3031.49, -41725.00)
2026-08-19 04:11:56.386 [ACTOR] index=107 actor=0x00000296EF2A88E0 root=0x00000296EF98A800 class=PostProcessVolume name=UnderWaterCave_SmalPostProcessVolume_5 team=0 relative=(-314850.00, -272814.70, -35825.00)
2026-08-19 04:11:56.386 [ACTOR] index=108 actor=0x00000296B9E7CF30 root=0x000002970436E000 class=PlayerStart name=PlayerStart_1 team=0 relative=(-67209.10, 201799.70, -14303.00)
2026-08-19 04:11:56.386 [ACTOR] index=109 actor=0x00000296F2B51FE0 root=0x000002983AF7B800 class=PlayerStart name=PlayerStart_2 team=0 relative=(-69574.12, 209288.90, -14319.11)
2026-08-19 04:11:56.386 [ACTOR] index=110 actor=0x00000296F2B57A30 root=0x000002977E5D3000 class=PlayerStart name=PlayerStart_3 team=0 relative=(-69623.38, 214758.00, -14328.94)
2026-08-19 04:11:56.386 [ACTOR] index=111 actor=0x000002968390E9C0 root=0x000002977E5D5800 class=PlayerStart name=PlayerStart_4 team=0 relative=(-69278.47, 222838.50, -14318.43)
2026-08-19 04:11:56.386 [ACTOR] index=112 actor=0x000002968390AF50 root=0x000002977E5D6000 class=PlayerStart name=PlayerStart_5 team=0 relative=(-69771.18, 233776.70, -14340.19)
2026-08-19 04:11:56.386 [ACTOR] index=113 actor=0x00000296AEE85FA0 root=0x000002967C6B5800 class=PlayerStart name=PlayerStart_6 team=0 relative=(-68933.56, 244813.40, -14258.91)
2026-08-19 04:11:56.386 [ACTOR] index=114 actor=0x00000296AEE80AA0 root=0x000002971566C000 class=PlayerStart name=PlayerStart_7 team=0 relative=(-69081.38, 255603.80, -14125.59)
2026-08-19 04:11:56.386 [ACTOR] index=115 actor=0x00000296AEE88A20 root=0x000002967B3B8000 class=PlayerStart name=PlayerStart_8 team=0 relative=(-64942.61, 262797.40, -14315.65)
2026-08-19 04:11:56.386 [ACTOR] index=116 actor=0x00000296C8D92530 root=0x000002978564B000 class=PlayerStart name=PlayerStart_9 team=0 relative=(-57946.10, 269744.70, -14052.96)
2026-08-19 04:11:56.386 [ACTOR] index=117 actor=0x00000296B9E7C490 root=0x0000029704363000 class=PlayerStart name=PlayerStart_10 team=0 relative=(-48530.52, 274553.60, -14212.44)
2026-08-19 04:11:56.386 [ACTOR] index=118 actor=0x00000296B9E76A40 root=0x00000298141E6800 class=PlayerStart name=PlayerStart_11 team=0 relative=(-36118.93, 273834.20, -14259.71)
2026-08-19 04:11:56.386 [ACTOR] index=119 actor=0x00000296B9E71FE0 root=0x00000298141E6000 class=PlayerStart name=PlayerStart_12 team=0 relative=(-29669.91, 270814.50, -14263.51)
2026-08-19 04:11:56.386 [ACTOR] index=120 actor=0x000002967DF3F9B0 root=0x00000298141E8800 class=PlayerStart name=PlayerStart_13 team=0 relative=(-24314.16, 264815.20, -14292.47)
2026-08-19 04:11:56.386 [ACTOR] index=121 actor=0x00000296DA1C6F90 root=0x0000029839BDE000 class=PlayerStart name=PlayerStart_14 team=0 relative=(-22717.14, 257673.20, -14283.84)
2026-08-19 04:11:56.386 [ACTOR] index=122 actor=0x00000296DA1CC490 root=0x0000029839BD9000 class=PlayerStart name=PlayerStart_15 team=0 relative=(-17346.57, 253583.70, -14173.60)
2026-08-19 04:11:56.386 [ACTOR] index=123 actor=0x00000296DA1CB9F0 root=0x0000029839BD4800 class=PlayerStart name=PlayerStart_16 team=0 relative=(-10547.14, 258165.90, -14215.34)
2026-08-19 04:11:56.386 [ACTOR] index=124 actor=0x0000029711810FF0 root=0x0000029672562800 class=PlayerStart name=PlayerStart_17 team=0 relative=(-13404.87, 263434.20, -13959.25)
2026-08-19 04:11:56.387 [ACTOR] index=125 actor=0x0000029711812530 root=0x000002967B21F800 class=PlayerStart name=PlayerStart_18 team=0 relative=(-17100.22, 270877.90, -14246.07)
2026-08-19 04:11:56.387 [ACTOR] index=126 actor=0x000002971181AA00 root=0x00000296BD8D8000 class=PlayerStart name=PlayerStart_19 team=0 relative=(-13946.85, 278564.20, -14113.34)
2026-08-19 04:11:56.387 [ACTOR] index=127 actor=0x00000296F2B5C490 root=0x000002983AF75000 class=PlayerStart name=PlayerStart_20 team=0 relative=(-5639.20, 282594.20, -14253.68)
2026-08-19 04:11:56.387 [ACTOR] index=128 actor=0x00000296F2B50550 root=0x000002983AF77800 class=PlayerStart name=PlayerStart_21 team=0 relative=(-2121.75, 288615.50, -13871.46)
2026-08-19 04:11:56.387 [ACTOR] index=129 actor=0x00000296F2B5B9F0 root=0x000002983AF71000 class=PlayerStart name=PlayerStart_22 team=0 relative=(3298.08, 298864.00, -14014.30)
2026-08-19 04:11:56.387 [ACTOR] index=130 actor=0x00000296F2B52530 root=0x000002983AF76800 class=PlayerStart name=PlayerStart_23 team=0 relative=(13103.06, 302066.60, -14026.97)
2026-08-19 04:11:56.387 [ACTOR] index=131 actor=0x00000296F2B50AA0 root=0x000002983AF75800 class=PlayerStart name=PlayerStart_24 team=0 relative=(27145.37, 308225.50, -14069.23)
2026-08-19 04:11:56.387 [ACTOR] index=132 actor=0x00000296F2B564F0 root=0x000002983AF76000 class=PlayerStart name=PlayerStart_25 team=0 relative=(36767.52, 306214.90, -14158.43)
2026-08-19 04:11:56.387 [ACTOR] index=133 actor=0x00000296F2B55500 root=0x000002983AF72800 class=PlayerStart name=PlayerStart_26 team=0 relative=(45527.99, 303917.10, -14245.55)
2026-08-19 04:11:56.387 [ACTOR] index=134 actor=0x00000296F2B57F80 root=0x000002977E5D8800 class=PlayerStart name=PlayerStart_27 team=0 relative=(55017.32, 304745.30, -14254.70)
2026-08-19 04:11:56.387 [ACTOR] index=135 actor=0x00000296F2B53A70 root=0x000002977E5D4800 class=PlayerStart name=PlayerStart_28 team=0 relative=(61516.25, 305381.10, -14206.84)
2026-08-19 04:11:56.387 [ACTOR] index=136 actor=0x00000296F2B5D9D0 root=0x000002977E5D8000 class=PlayerStart name=PlayerStart_29 team=0 relative=(67224.98, 302176.70, -14234.41)
2026-08-19 04:11:56.387 [ACTOR] index=137 actor=0x00000296F2B5E9C0 root=0x000002977E5D9000 class=PlayerStart name=PlayerStart_30 team=0 relative=(69692.63, 297499.20, -14074.46)
2026-08-19 04:11:56.387 [ACTOR] index=138 actor=0x00000296F2B5CF30 root=0x000002977E5D9800 class=PlayerStart name=PlayerStart_31 team=0 relative=(71976.13, 290980.20, -14185.13)
2026-08-19 04:11:56.387 [ACTOR] index=139 actor=0x00000296F2B55FA0 root=0x000002977E5DA800 class=PlayerStart name=PlayerStart_32 team=0 relative=(71042.29, 287371.00, -14201.28)
2026-08-19 04:11:56.387 [ACTOR] index=140 actor=0x00000296F2B5EF10 root=0x000002977E5DB000 class=PlayerStart name=PlayerStart_33 team=0 relative=(66304.22, 283540.50, -14307.22)
2026-08-19 04:11:56.387 [ACTOR] index=141 actor=0x00000296F2B5AF50 root=0x000002977E5DD000 class=PlayerStart name=PlayerStart_34 team=0 relative=(59822.06, 283724.70, -14092.01)
2026-08-19 04:11:56.387 [ACTOR] index=142 actor=0x00000296F2B54A60 root=0x000002977E5DD800 class=PlayerStart name=PlayerStart_35 team=0 relative=(55881.19, 275437.80, -14251.75)
2026-08-19 04:11:56.387 [ACTOR] index=143 actor=0x00000296F2B5DF20 root=0x000002977E5DE000 class=PlayerStart name=PlayerStart_36 team=0 relative=(47667.99, 271275.90, -14266.52)
2026-08-19 04:11:56.387 [ACTOR] index=144 actor=0x00000296F2B5BF40 root=0x000002977E5DE800 class=PlayerStart name=PlayerStart_37 team=0 relative=(41038.50, 267961.10, -14267.33)
2026-08-19 04:11:56.387 [ACTOR] index=145 actor=0x000002968390A4B0 root=0x000002977E5DF000 class=PlayerStart name=PlayerStart_38 team=0 relative=(62036.35, 267964.40, -14324.33)
2026-08-19 04:11:56.387 [ACTOR] index=146 actor=0x000002968390D480 root=0x000002977E5D4000 class=PlayerStart name=PlayerStart_39 team=0 relative=(63947.05, 260595.00, -14140.63)
2026-08-19 04:11:56.387 [ACTOR] index=147 actor=0x000002968390D9D0 root=0x000002977E5D7000 class=PlayerStart name=PlayerStart_40 team=0 relative=(64794.15, 254186.50, -14249.83)
2026-08-19 04:11:56.387 [ACTOR] index=148 actor=0x000002968390AA00 root=0x000002977E5DC000 class=PlayerStart name=PlayerStart_41 team=0 relative=(67151.98, 247776.30, -14340.38)
2026-08-19 04:11:56.387 [ACTOR] index=149 actor=0x000002968390B4A0 root=0x000002977E5DF800 class=PlayerStart name=PlayerStart_42 team=0 relative=(67593.26, 245089.40, -14197.14)
2026-08-19 04:11:56.387 [ACTOR] index=150 actor=0x000002968390BF40 root=0x000002977E5D2000 class=PlayerStart name=PlayerStart_43 team=0 relative=(72528.55, 250687.60, -14258.42)
2026-08-19 04:11:56.387 [ACTOR] index=151 actor=0x000002968390F460 root=0x000002977E5D3800 class=PlayerStart name=PlayerStart_44 team=0 relative=(79194.88, 255917.60, -14261.26)
2026-08-19 04:11:56.387 [ACTOR] index=152 actor=0x00000296839094C0 root=0x000002977E5D2800 class=PlayerStart name=PlayerStart_45 team=0 relative=(85861.21, 259968.90, -14246.46)
2026-08-19 04:11:56.387 [ACTOR] index=153 actor=0x000002968390C490 root=0x000002977E5D7800 class=PlayerStart name=PlayerStart_46 team=0 relative=(91938.23, 266414.30, -14198.49)
2026-08-19 04:11:56.387 [ACTOR] index=154 actor=0x000002968390C9E0 root=0x000002977E5DC800 class=PlayerStart name=PlayerStart_47 team=0 relative=(98788.71, 271570.60, -14242.64)
2026-08-19 04:11:56.387 [ACTOR] index=155 actor=0x00000296839084D0 root=0x000002977E5D5000 class=PlayerStart name=PlayerStart_48 team=0 relative=(106081.20, 275253.70, -14110.39)
2026-08-19 04:11:56.387 [ACTOR] index=156 actor=0x000002968390E470 root=0x000002977E5D0800 class=PlayerStart name=PlayerStart_49 team=0 relative=(115252.00, 278789.40, -14144.77)
2026-08-19 04:11:56.387 [ACTOR] index=157 actor=0x000002968390DF20 root=0x000002977E5DA000 class=PlayerStart name=PlayerStart_50 team=0 relative=(122691.70, 273448.90, -14166.75)
2026-08-19 04:11:56.387 [ACTOR] index=158 actor=0x0000029683908A20 root=0x000002977E5DB800 class=PlayerStart name=PlayerStart_51 team=0 relative=(134772.10, 270392.00, -14167.42)
2026-08-19 04:11:56.387 [ACTOR] index=159 actor=0x000002968390F9B0 root=0x0000029673934800 class=PlayerStart name=PlayerStart_52 team=0 relative=(145011.00, 267629.80, -14165.36)
2026-08-19 04:11:56.387 [ACTOR] index=160 actor=0x00000296AEE88F70 root=0x0000029673939000 class=PlayerStart name=PlayerStart_53 team=0 relative=(151014.30, 262252.50, -14121.28)
2026-08-19 04:11:56.387 [ACTOR] index=161 actor=0x00000296AEE894C0 root=0x0000029673930800 class=PlayerStart name=PlayerStart_54 team=0 relative=(155286.70, 254665.50, -13924.29)
2026-08-19 04:11:56.387 [ACTOR] index=162 actor=0x00000296AEE80550 root=0x000002967393F000 class=PlayerStart name=PlayerStart_55 team=0 relative=(158675.10, 248809.40, -14174.94)
2026-08-19 04:11:56.387 [ACTOR] index=163 actor=0x00000296AEE85500 root=0x0000029673930000 class=PlayerStart name=PlayerStart_56 team=0 relative=(160406.10, 239785.90, -14142.74)
2026-08-19 04:11:56.387 [ACTOR] index=164 actor=0x00000296AEE87A30 root=0x000002967393A000 class=PlayerStart name=PlayerStart_57 team=0 relative=(156538.90, 233082.80, -14170.94)
2026-08-19 04:11:56.387 [ACTOR] index=165 actor=0x00000296AEE83A70 root=0x000002967393F800 class=PlayerStart name=PlayerStart_58 team=0 relative=(158198.20, 226246.70, -14045.67)
2026-08-19 04:11:56.387 [ACTOR] index=166 actor=0x00000296AEE86F90 root=0x000002967C6B4000 class=PlayerStart name=PlayerStart_59 team=0 relative=(163308.60, 221136.20, -14183.50)
2026-08-19 04:11:56.387 [ACTOR] index=167 actor=0x00000296AEE8AA00 root=0x000002967C6B5000 class=PlayerStart name=PlayerStart_60 team=0 relative=(170410.20, 218348.70, -14256.90)
2026-08-19 04:11:56.387 [ACTOR] index=168 actor=0x00000296AEE884D0 root=0x000002967C6B3800 class=PlayerStart name=PlayerStart_61 team=0 relative=(172733.20, 211910.80, -14205.62)
2026-08-19 04:11:56.387 [ACTOR] index=169 actor=0x00000296AEE86A40 root=0x000002967C6BF800 class=PlayerStart name=PlayerStart_62 team=0 relative=(181544.20, 211127.50, -14015.86)
2026-08-19 04:11:56.387 [ACTOR] index=170 actor=0x00000296AEE864F0 root=0x000002967C6B4800 class=PlayerStart name=PlayerStart_63 team=0 relative=(188729.50, 219855.40, -14284.31)
2026-08-19 04:11:56.387 [ACTOR] index=171 actor=0x00000296AEE82A80 root=0x0000029715669800 class=PlayerStart name=PlayerStart_64 team=0 relative=(197103.80, 229050.80, -14203.55)
2026-08-19 04:11:56.387 [ACTOR] index=172 actor=0x00000296C8D9F9B0 root=0x0000029785647800 class=PlayerStart name=PlayerStart_83 team=0 relative=(210026.80, 233021.00, -14254.82)
2026-08-19 04:11:56.387 [ACTOR] index=173 actor=0x00000296C8D98F70 root=0x000002978564B800 class=PlayerStart name=PlayerStart_84 team=0 relative=(228107.10, 231621.00, -14277.37)
2026-08-19 04:11:56.387 [ACTOR] index=174 actor=0x00000296C8D9D9D0 root=0x0000029785643000 class=PlayerStart name=PlayerStart_85 team=0 relative=(238711.10, 226051.00, -14241.60)
2026-08-19 04:11:56.387 [ACTOR] index=175 actor=0x00000296C8D90AA0 root=0x0000029785647000 class=PlayerStart name=PlayerStart_86 team=0 relative=(247408.80, 219110.70, -14264.38)
2026-08-19 04:11:56.387 [ACTOR] index=176 actor=0x00000296C8D984D0 root=0x0000029785649000 class=PlayerStart name=PlayerStart_87 team=0 relative=(252144.80, 210293.90, -14148.70)
2026-08-19 04:11:56.387 [ACTOR] index=177 actor=0x00000296C8D9BF40 root=0x0000029785645000 class=PlayerStart name=PlayerStart_88 team=0 relative=(253912.70, 203235.60, -14302.86)
2026-08-19 04:11:56.387 [ACTOR] index=178 actor=0x00000296C8D90FF0 root=0x000002978564F000 class=PlayerStart name=PlayerStart_89 team=0 relative=(249768.80, 194717.10, -14313.51)
2026-08-19 04:11:56.387 [ACTOR] index=179 actor=0x00000296C8D91FE0 root=0x0000029785644800 class=PlayerStart name=PlayerStart_90 team=0 relative=(276346.20, 187148.70, -14224.52)
2026-08-19 04:11:56.387 [ACTOR] index=180 actor=0x00000296C8D97F80 root=0x000002978564C800 class=PlayerStart name=PlayerStart_91 team=0 relative=(282182.90, 195933.20, -14234.78)
2026-08-19 04:11:56.387 [ACTOR] index=181 actor=0x00000296C8D974E0 root=0x0000029785644000 class=PlayerStart name=PlayerStart_92 team=0 relative=(285956.20, 203125.90, -14289.56)
2026-08-19 04:11:56.387 [ACTOR] index=182 actor=0x00000296C8D95A50 root=0x0000029785640000 class=PlayerStart name=PlayerStart_93 team=0 relative=(297393.80, 195933.20, -14271.98)
2026-08-19 04:11:56.387 [ACTOR] index=183 actor=0x00000296C8D93A70 root=0x000002978564C000 class=PlayerStart name=PlayerStart_94 team=0 relative=(300164.80, 186205.40, -14322.36)
2026-08-19 04:11:56.387 [ACTOR] index=184 actor=0x00000296C8D9AF50 root=0x0000029785643800 class=PlayerStart name=PlayerStart_95 team=0 relative=(300915.90, 177247.80, -14292.67)
2026-08-19 04:11:56.387 [ACTOR] index=185 actor=0x00000296C8D9A4B0 root=0x0000029785648800 class=PlayerStart name=PlayerStart_96 team=0 relative=(300770.50, 167643.80, -14298.89)
2026-08-19 04:11:56.387 [ACTOR] index=186 actor=0x00000296C8D94510 root=0x0000029785648000 class=PlayerStart name=PlayerStart_97 team=0 relative=(301099.90, 161165.00, -14290.82)
2026-08-19 04:11:56.387 [ACTOR] index=187 actor=0x00000296C8D90550 root=0x000002978564E800 class=PlayerStart name=PlayerStart_98 team=0 relative=(298299.80, 151721.30, -14257.04)
2026-08-19 04:11:56.387 [ACTOR] index=188 actor=0x00000296C8D91A90 root=0x000002978564E000 class=PlayerStart name=PlayerStart_99 team=0 relative=(296652.60, 140356.00, -14204.97)
2026-08-19 04:11:56.387 [ACTOR] index=189 actor=0x00000296B9E7BF40 root=0x0000029704361000 class=PlayerStart name=PlayerStart_100 team=0 relative=(293248.50, 130528.10, -14213.83)
2026-08-19 04:11:56.387 [ACTOR] index=190 actor=0x00000296B9E7B9F0 root=0x0000029704360000 class=PlayerStart name=PlayerStart_101 team=0 relative=(288197.20, 123061.00, -14231.65)
2026-08-19 04:11:56.387 [ACTOR] index=191 actor=0x00000296B9E7A4B0 root=0x0000029704362000 class=PlayerStart name=PlayerStart_102 team=0 relative=(282926.30, 113068.30, -14248.65)
2026-08-19 04:11:56.387 [ACTOR] index=192 actor=0x00000296B9E78F70 root=0x000002970436B800 class=PlayerStart name=PlayerStart_103 team=0 relative=(285122.50, 101593.20, -14147.89)
2026-08-19 04:11:56.387 [ACTOR] index=193 actor=0x00000296B9E78A20 root=0x000002970436C000 class=PlayerStart name=PlayerStart_104 team=0 relative=(288252.10, 91106.35, -14263.89)
2026-08-19 04:11:56.387 [ACTOR] index=194 actor=0x00000296B9E77F80 root=0x000002970436A000 class=PlayerStart name=PlayerStart_105 team=0 relative=(287922.60, 78533.13, -14299.87)
2026-08-19 04:11:56.387 [ACTOR] index=195 actor=0x00000296B9E77A30 root=0x0000029704369800 class=PlayerStart name=PlayerStart_106 team=0 relative=(283640.00, 67881.57, -14259.91)
2026-08-19 04:11:56.387 [ACTOR] index=196 actor=0x00000296B9E7E470 root=0x000002970436F800 class=PlayerStart name=PlayerStart_107 team=0 relative=(276227.80, 58986.98, -14091.43)
2026-08-19 04:11:56.387 [ACTOR] index=197 actor=0x00000296B9E774E0 root=0x000002970436A800 class=PlayerStart name=PlayerStart_108 team=0 relative=(270528.70, 48221.17, -14231.58)
2026-08-19 04:11:56.387 [ACTOR] index=198 actor=0x00000296B9E76F90 root=0x0000029704367000 class=PlayerStart name=PlayerStart_109 team=0 relative=(273647.30, 39111.41, -14258.11)
2026-08-19 04:11:56.387 [ACTOR] index=199 actor=0x00000296B9E75FA0 root=0x00000298141EF000 class=PlayerStart name=PlayerStart_110 team=0 relative=(265960.50, 28514.78, -14225.69)
2026-08-19 04:11:56.387 [ACTOR] index=200 actor=0x00000296B9E75A50 root=0x00000298141EE800 class=PlayerStart name=PlayerStart_111 team=0 relative=(253771.60, 19345.67, -14267.86)
2026-08-19 04:11:56.387 [ACTOR] index=201 actor=0x00000296B9E75500 root=0x00000298141ED000 class=PlayerStart name=PlayerStart_112 team=0 relative=(257432.00, 7092.55, -14235.87)
2026-08-19 04:11:56.387 [ACTOR] index=202 actor=0x00000296B9E74FB0 root=0x00000298141EE000 class=PlayerStart name=PlayerStart_113 team=0 relative=(265905.60, -1078.95, -14226.92)
2026-08-19 04:11:56.387 [ACTOR] index=203 actor=0x00000296B9E74A60 root=0x00000298141EC800 class=PlayerStart name=PlayerStart_114 team=0 relative=(277528.10, -10121.99, -14103.08)
2026-08-19 04:11:56.387 [ACTOR] index=204 actor=0x00000296B9E74510 root=0x00000298141EB000 class=PlayerStart name=PlayerStart_115 team=0 relative=(288661.00, -16186.99, -14261.83)
2026-08-19 04:11:56.387 [ACTOR] index=205 actor=0x00000296B9E73FC0 root=0x00000298141EA800 class=PlayerStart name=PlayerStart_116 team=0 relative=(288416.60, -2835.90, -14244.22)
2026-08-19 04:11:56.387 [ACTOR] index=206 actor=0x00000296B9E73A70 root=0x00000298141EA000 class=PlayerStart name=PlayerStart_117 team=0 relative=(287647.90, 8968.65, -14288.74)
2026-08-19 04:11:56.387 [ACTOR] index=207 actor=0x00000296B9E73520 root=0x00000298141E9000 class=PlayerStart name=PlayerStart_118 team=0 relative=(280664.30, 19243.79, -14305.08)
2026-08-19 04:11:56.387 [ACTOR] index=208 actor=0x00000296B9E72FD0 root=0x00000298141E8000 class=PlayerStart name=PlayerStart_119 team=0 relative=(295224.80, 23024.29, -14273.98)
2026-08-19 04:11:56.387 [ACTOR] index=209 actor=0x00000296B9E71A90 root=0x00000298141E5800 class=PlayerStart name=PlayerStart_120 team=0 relative=(299022.20, 9677.19, -14212.54)
2026-08-19 04:11:56.387 [ACTOR] index=210 actor=0x00000296B9E71540 root=0x00000298141E4800 class=PlayerStart name=PlayerStart_121 team=0 relative=(300826.90, -3271.03, -14122.09)
2026-08-19 04:11:56.387 [ACTOR] index=211 actor=0x00000296B9E70FF0 root=0x00000298141E3800 class=PlayerStart name=PlayerStart_122 team=0 relative=(300166.30, -16671.93, -14230.31)
2026-08-19 04:11:56.387 [ACTOR] index=212 actor=0x00000296B9E70AA0 root=0x00000298141E4000 class=PlayerStart name=PlayerStart_123 team=0 relative=(298574.00, -28696.09, -14128.39)
2026-08-19 04:11:56.387 [ACTOR] index=213 actor=0x00000296B9E70550 root=0x00000298141E3000 class=PlayerStart name=PlayerStart_124 team=0 relative=(297256.30, -43136.07, -14222.59)
2026-08-19 04:11:56.387 [ACTOR] index=214 actor=0x00000296B9E70000 root=0x00000298141E1800 class=PlayerStart name=PlayerStart_125 team=0 relative=(290722.60, -55050.43, -14258.42)
2026-08-19 04:11:56.387 [ACTOR] index=215 actor=0x00000296B9E784D0 root=0x00000298141E1000 class=PlayerStart name=PlayerStart_126 team=0 relative=(287428.30, -64933.31, -14277.53)
2026-08-19 04:11:56.387 [ACTOR] index=216 actor=0x000002967DF3E9C0 root=0x00000298141E0800 class=PlayerStart name=PlayerStart_127 team=0 relative=(297750.40, -75090.73, -14320.50)
2026-08-19 04:11:56.388 [ACTOR] index=217 actor=0x000002967DF3CF30 root=0x00000298141E0000 class=PlayerStart name=PlayerStart_128 team=0 relative=(297970.00, -85467.75, -14207.11)
2026-08-19 04:11:56.388 [ACTOR] index=218 actor=0x000002967DF3F460 root=0x00000298141EF800 class=PlayerStart name=PlayerStart_129 team=0 relative=(294730.60, -99029.26, -14150.83)
2026-08-19 04:11:56.388 [ACTOR] index=219 actor=0x00000296A95F94C0 root=0x00000298141ED800 class=PlayerStart name=PlayerStart_130 team=0 relative=(291930.40, -110559.30, -14220.48)
2026-08-19 04:11:56.388 [ACTOR] index=220 actor=0x000002959E4B7F80 root=0x00000298141E7800 class=PlayerStart name=PlayerStart_131 team=0 relative=(293467.80, -124175.70, -14312.07)
2026-08-19 04:11:56.388 [ACTOR] index=221 actor=0x000002959E4B1A90 root=0x00000298141EB800 class=PlayerStart name=PlayerStart_132 team=0 relative=(295389.50, -139109.80, -14229.15)
2026-08-19 04:11:56.388 [ACTOR] index=222 actor=0x000002959E4B9F60 root=0x00000298141E5000 class=PlayerStart name=PlayerStart_133 team=0 relative=(297366.10, -152781.20, -14279.83)
2026-08-19 04:11:56.388 [ACTOR] index=223 actor=0x00000296DA1CD9D0 root=0x00000298141E2000 class=PlayerStart name=PlayerStart_134 team=0 relative=(294840.40, -163542.50, -14350.54)
2026-08-19 04:11:56.388 [ACTOR] index=224 actor=0x00000296DA1CD480 root=0x00000298141E9800 class=PlayerStart name=PlayerStart_135 team=0 relative=(291436.20, -173699.90, -14317.12)
2026-08-19 04:11:56.388 [ACTOR] index=225 actor=0x00000296DA1C74E0 root=0x00000298141E2800 class=PlayerStart name=PlayerStart_136 team=0 relative=(283035.80, -183747.50, -14250.61)
2026-08-19 04:11:56.388 [ACTOR] index=226 actor=0x00000296DA1C4FB0 root=0x00000298141EC000 class=PlayerStart name=PlayerStart_137 team=0 relative=(272713.70, -190391.10, -14329.91)
2026-08-19 04:11:56.388 [ACTOR] index=227 actor=0x00000296DA1CC9E0 root=0x0000029839BDF000 class=PlayerStart name=PlayerStart_138 team=0 relative=(257120.70, -198462.10, -14299.13)
2026-08-19 04:11:56.388 [ACTOR] index=228 actor=0x00000296DA1C1FE0 root=0x0000029839BDE800 class=PlayerStart name=PlayerStart_139 team=0 relative=(240155.10, -195991.40, -14307.25)
2026-08-19 04:11:56.388 [ACTOR] index=229 actor=0x00000296DA1C3FC0 root=0x0000029839BDD800 class=PlayerStart name=PlayerStart_140 team=0 relative=(220608.90, -190226.30, -14295.82)
2026-08-19 04:11:56.388 [ACTOR] index=230 actor=0x00000296DA1CB4A0 root=0x0000029839BDC800 class=PlayerStart name=PlayerStart_141 team=0 relative=(201007.90, -189238.00, -14269.33)
2026-08-19 04:11:56.388 [ACTOR] index=231 actor=0x00000296DA1C5FA0 root=0x0000029839BDC000 class=PlayerStart name=PlayerStart_142 team=0 relative=(183620.80, -197892.60, -14331.75)
2026-08-19 04:11:56.388 [ACTOR] index=232 actor=0x00000296DA1C2530 root=0x0000029839BDB800 class=PlayerStart name=PlayerStart_143 team=0 relative=(196953.50, -217228.90, -14292.22)
2026-08-19 04:11:56.388 [ACTOR] index=233 actor=0x00000296DA1C1A90 root=0x0000029839BDB000 class=PlayerStart name=PlayerStart_144 team=0 relative=(198279.00, -234694.00, -14320.50)
2026-08-19 04:11:56.388 [ACTOR] index=234 actor=0x00000296DA1C8F70 root=0x0000029839BDA800 class=PlayerStart name=PlayerStart_145 team=0 relative=(193846.50, -249142.60, -14303.13)
2026-08-19 04:11:56.388 [ACTOR] index=235 actor=0x00000296DA1C0FF0 root=0x0000029839BD9800 class=PlayerStart name=PlayerStart_146 team=0 relative=(189936.30, -261437.40, -14235.58)
2026-08-19 04:11:56.388 [ACTOR] index=236 actor=0x00000296DA1C2A80 root=0x0000029839BD8000 class=PlayerStart name=PlayerStart_147 team=0 relative=(173718.70, -274692.10, -14314.88)
2026-08-19 04:11:56.388 [ACTOR] index=237 actor=0x00000296DA1C0AA0 root=0x0000029839BD6000 class=PlayerStart name=PlayerStart_148 team=0 relative=(166935.40, -287790.90, -14263.18)
2026-08-19 04:11:56.388 [ACTOR] index=238 actor=0x00000296DA1CEF10 root=0x0000029839BD7800 class=PlayerStart name=PlayerStart_149 team=0 relative=(151353.70, -290834.60, -14281.82)
2026-08-19 04:11:56.388 [ACTOR] index=239 actor=0x00000296DA1CBF40 root=0x0000029839BD5800 class=PlayerStart name=PlayerStart_150 team=0 relative=(147365.20, -274536.20, -14184.13)
2026-08-19 04:11:56.388 [ACTOR] index=240 actor=0x00000296DA1CDF20 root=0x0000029839BD5000 class=PlayerStart name=PlayerStart_151 team=0 relative=(139802.20, -258786.40, -14234.49)
2026-08-19 04:11:56.388 [ACTOR] index=241 actor=0x00000296DA1CCF30 root=0x0000029839BD4000 class=PlayerStart name=PlayerStart_152 team=0 relative=(121947.20, -255121.90, -14158.50)
2026-08-19 04:11:56.389 [ACTOR] index=242 actor=0x00000296DA1C9F60 root=0x0000029839BD3800 class=PlayerStart name=PlayerStart_153 team=0 relative=(100935.30, -246267.30, -12434.82)
2026-08-19 04:11:56.389 [ACTOR] index=243 actor=0x00000296DA1C3520 root=0x0000029839BD2800 class=PlayerStart name=PlayerStart_154 team=0 relative=(91305.30, -255355.80, -14317.63)
2026-08-19 04:11:56.389 [ACTOR] index=244 actor=0x00000296DA1CF460 root=0x0000029839BD2000 class=PlayerStart name=PlayerStart_155 team=0 relative=(88920.13, -276797.30, -14301.23)
2026-08-19 04:11:56.389 [ACTOR] index=245 actor=0x00000296DA1C2FD0 root=0x0000029839BD0800 class=PlayerStart name=PlayerStart_156 team=0 relative=(62776.84, -285921.00, -14184.56)
2026-08-19 04:11:56.389 [ACTOR] index=246 actor=0x00000296DA1C5A50 root=0x0000029839BDA000 class=PlayerStart name=PlayerStart_157 team=0 relative=(23394.12, -300811.80, -14318.45)
2026-08-19 04:11:56.389 [ACTOR] index=247 actor=0x00000296DA1C3A70 root=0x0000029839BD0000 class=PlayerStart name=PlayerStart_158 team=0 relative=(2186.50, -298550.70, -14232.20)
2026-08-19 04:11:56.389 [ACTOR] index=248 actor=0x00000296DA1C8A20 root=0x0000029839BD6800 class=PlayerStart name=PlayerStart_159 team=0 relative=(-32275.88, -297927.00, -14261.71)
2026-08-19 04:11:56.389 [ACTOR] index=249 actor=0x00000296DA1C1540 root=0x0000029839BD1000 class=PlayerStart name=PlayerStart_160 team=0 relative=(-49507.07, -279604.20, -14327.15)
2026-08-19 04:11:56.389 [ACTOR] index=250 actor=0x00000296DA1C94C0 root=0x0000029839BD7000 class=PlayerStart name=PlayerStart_161 team=0 relative=(-69805.92, -272058.40, -14199.28)
2026-08-19 04:11:56.389 [ACTOR] index=251 actor=0x00000296DA1C9A10 root=0x0000029839BD1800 class=PlayerStart name=PlayerStart_162 team=0 relative=(-91766.34, -271495.40, -14299.56)
2026-08-19 04:11:56.389 [ACTOR] index=252 actor=0x00000296DA1C64F0 root=0x0000029839BD8800 class=PlayerStart name=PlayerStart_163 team=0 relative=(-108841.60, -278200.70, -14324.56)
2026-08-19 04:11:56.404 [INFO] Level 0x000002970BF74600: Actors data=0x000002970C7F7880, count=15
2026-08-19 04:11:56.404 [INFO] Level 0x000002971E7C8F80: Actors data=0x000002977EF67770, count=13
2026-08-19 04:11:56.405 [INFO] Level 0x000002971E7C4600: Actors data=0x0000029832784D80, count=7
2026-08-19 04:11:56.405 [INFO] Level 0x000002971E7CE700: Actors data=0x00000297F0AD3360, count=4
2026-08-19 04:11:56.405 [INFO] Level 0x000002971E7C3F00: Actors data=0x00000296B04E6780, count=44
2026-08-19 04:11:56.405 [INFO] Level 0x000002967D089A00: Actors data=0x00000298356BB180, count=74
2026-08-19 04:11:56.405 [INFO] Level 0x000002967D08E700: Actors data=0x000002986E6C4CB0, count=717
2026-08-19 04:11:56.409 [INFO] Level 0x000002967D08D200: Actors data=0x00000296DEF26000, count=253
2026-08-19 04:11:56.409 [INFO] Level 0x000002967D084980: Actors data=0x000002965288CC00, count=374
2026-08-19 04:11:56.411 [INFO] Level 0x000002967D082A00: Actors data=0x00000296C3484020, count=33
2026-08-19 04:11:56.411 [INFO] Level 0x00000296D77F0A80: Actors data=0x00000296B04E9180, count=44
2026-08-19 04:11:56.411 [INFO] Level 0x00000296D77F0380: Actors data=0x000002964C25D800, count=245
2026-08-19 04:11:56.412 [INFO] Level 0x00000296BD938500: Actors data=0x00000295934D2C00, count=16
2026-08-19 04:11:56.412 [INFO] Level 0x00000296AD80D900: Actors data=0x00000296D3D485E0, count=181
2026-08-19 04:11:56.413 [INFO] Level 0x00000296E079DC80: Actors data=0x000002968FE3E420, count=138
2026-08-19 04:11:56.413 [INFO] Level 0x000002970F2C3480: Actors data=0x00000296C542EE00, count=59
2026-08-19 04:11:56.413 [INFO] Level 0x00000296E076E380: Actors data=0x000002989617DA40, count=65
2026-08-19 04:11:56.414 [INFO] Level 0x0000029766704D00: Actors data=0x000002970407A8D0, count=145
2026-08-19 04:11:56.414 [INFO] Level 0x00000297B6467000: Actors data=0x000002984AED4640, count=7
2026-08-19 04:11:56.414 [INFO] Level 0x00000297BFC4F500: Actors data=0x0000029791EE3800, count=112
2026-08-19 04:11:56.414 [INFO] Traversal summary: levels=21 actorPointers=6340 roots=6319 locations=6319 logged=250 rejectedReads=190
2026-08-19 04:11:56.478 [INFO] Player skeleton mapped from the live skeletal mesh (94 bones).
2026-08-19 04:11:56.485 [INFO] Tracker snapshot: dinos=64 structures=2943 players=1 localPlayer=True camera=True fov=112,5 movement=True cameraPos=(274248.90, 265855.10, -10311.97) cameraRot=(-21.32, 156.75, 0.00) rejectedReads=0
2026-08-19 04:11:56.485 [INFO] TRACK kind=Structure class=StructureTekCavePortalTerminal_C name=Terminal level=0 team=0 pos=(-116681.30, -95490.28, -7256.74) weapon= bones=0
2026-08-19 04:11:56.485 [INFO] TRACK kind=Structure class=SupplyCrate_Level15_C name=Supply Crate level=0 team=0 pos=(37200.25, -46480.50, -13172.25) weapon= bones=0
2026-08-19 04:11:56.485 [INFO] TRACK kind=Structure class=SupplyCrate_Level03_C name=Supply Crate level=0 team=0 pos=(-231147.70, 294217.60, -14219.29) weapon= bones=0
2026-08-19 04:11:56.485 [INFO] TRACK kind=Structure class=SupplyCrate_Level03_C name=Supply Crate level=0 team=0 pos=(-181384.30, 230950.60, -13006.53) weapon= bones=0
2026-08-19 04:11:56.485 [INFO] TRACK kind=Structure class=SupplyCrate_Level35_C name=Supply Crate level=0 team=0 pos=(295240.30, -288098.90, -13770.12) weapon= bones=0
2026-08-19 04:11:56.485 [INFO] TRACK kind=Structure class=SupplyCrate_Level35_Double_C name=Supply Crate level=0 team=0 pos=(5749.91, -293320.60, -12682.31) weapon= bones=0
2026-08-19 04:11:56.485 [INFO] TRACK kind=Structure class=SupplyCrate_Level15_C name=Supply Crate level=0 team=0 pos=(-244094.80, 198155.50, -8174.15) weapon= bones=0
2026-08-19 04:11:56.485 [INFO] TRACK kind=Structure class=SupplyCrate_Level03_C name=Supply Crate level=0 team=0 pos=(214441.80, -118853.20, 5799.92) weapon= bones=0
2026-08-19 04:11:56.485 [INFO] TRACK kind=Structure class=SupplyCrate_Level35_C name=Supply Crate level=0 team=0 pos=(-2948.55, 80816.31, -2330.32) weapon= bones=0
2026-08-19 04:11:56.485 [INFO] TRACK kind=Structure class=SupplyCrate_Level25_C name=Supply Crate level=0 team=0 pos=(255436.20, 157512.40, -15386.48) weapon= bones=0
2026-08-19 04:11:56.485 [INFO] TRACK kind=Structure class=SupplyCrate_Level25_C name=Supply Crate level=0 team=0 pos=(-253928.80, -97258.00, -14401.62) weapon= bones=0
2026-08-19 04:11:56.485 [INFO] TRACK kind=Dino class=RockGolem_Character_BP_C name=Rock Elemental level=588 team=1355945928 pos=(291681.00, 264150.00, -8676.00) weapon= bones=0
2026-08-19 04:11:56.485 [INFO] TRACK kind=Dino class=RockGolem_Character_BP_C name=Rock Elemental level=588 team=1355945928 pos=(290577.00, 264352.00, -8710.00) weapon= bones=0
2026-08-19 04:11:56.485 [INFO] TRACK kind=Structure class=BP_Foundation_Metal_C name=S+ Metal Foundation level=0 team=1355945928 pos=(286296.20, 280675.50, -11721.80) weapon= bones=0
2026-08-19 04:11:56.485 [INFO] TRACK kind=Structure class=BP_AutoTurret_Heavy_AF_C name=AF Heavy Auto Turret level=0 team=1355945928 pos=(285322.30, 282817.20, -12193.50) weapon= bones=0
2026-08-19 04:11:56.485 [INFO] TRACK kind=Structure class=BP_AutoTurret_Heavy_AF_C name=AF Heavy Auto Turret level=0 team=1355945928 pos=(284988.40, 283436.20, -12330.80) weapon= bones=0
2026-08-19 04:11:56.485 [INFO] TRACK kind=Structure class=AF_AutoTurretTek_C name=AF Tek Turret level=0 team=1355945928 pos=(285132.50, 282000.00, -12142.20) weapon= bones=0
2026-08-19 04:11:56.485 [INFO] TRACK kind=Structure class=BP_AutoTurret_Heavy_AF_C name=AF Heavy Auto Turret level=0 team=1355945928 pos=(285982.00, 281190.10, -11884.60) weapon= bones=0
2026-08-19 04:11:56.485 [INFO] TRACK kind=Structure class=BP_AutoTurret_Heavy_AF_C name=AF Heavy Auto Turret level=0 team=1355945928 pos=(285624.50, 282130.80, -12058.70) weapon= bones=0
2026-08-19 04:11:56.485 [INFO] TRACK kind=Structure class=AF_AutoTurretTek_C name=AF Tek Turret level=0 team=1355945928 pos=(285389.50, 280709.20, -11765.80) weapon= bones=0
2026-08-19 04:11:56.485 [INFO] TRACK kind=Structure class=BP_Foundation_Metal_C name=S+ Metal Foundation level=0 team=1355945928 pos=(284751.70, 277164.60, -10615.30) weapon= bones=0
2026-08-19 04:11:56.485 [INFO] TRACK kind=Structure class=BP_AutoTurret_Heavy_AF_C name=AF Heavy Auto Turret level=0 team=1355945928 pos=(285935.60, 280163.60, -11633.60) weapon= bones=0
2026-08-19 04:11:56.485 [INFO] TRACK kind=Structure class=BP_AutoTurret_Heavy_AF_C name=AF Heavy Auto Turret level=0 team=1355945928 pos=(285950.30, 279318.70, -11383.10) weapon= bones=0
2026-08-19 04:11:56.485 [INFO] TRACK kind=Structure class=AF_AutoTurretTek_C name=AF Tek Turret level=0 team=1355945928 pos=(285252.90, 279779.70, -11474.10) weapon= bones=0
2026-08-19 04:11:56.485 [INFO] TRACK kind=Structure class=BP_Foundation_Metal_C name=S+ Metal Foundation level=0 team=1355945928 pos=(285828.30, 278395.00, -11066.30) weapon= bones=0
2026-08-19 04:11:56.485 [INFO] TRACK kind=Structure class=BP_Foundation_Metal_C name=S+ Metal Foundation level=0 team=1355945928 pos=(284661.10, 273054.00, -14273.80) weapon= bones=0
2026-08-19 04:11:56.485 [INFO] TRACK kind=Structure class=BP_Foundation_Metal_C name=S+ Metal Foundation level=0 team=1355945928 pos=(284834.50, 272667.70, -14273.80) weapon= bones=0
2026-08-19 04:11:56.485 [INFO] TRACK kind=Structure class=BP_Foundation_Metal_C name=S+ Metal Foundation level=0 team=1355945928 pos=(285007.80, 272281.50, -14273.80) weapon= bones=0
2026-08-19 04:11:56.485 [INFO] TRACK kind=Structure class=BP_Foundation_Tek_C name=S+ Tek Foundation level=0 team=1355945928 pos=(284728.00, 272387.90, -14273.80) weapon= bones=0
2026-08-19 04:11:56.485 [INFO] TRACK kind=Structure class=BP_GeneratorTek_C name=S+ Tek Generator level=0 team=1355945928 pos=(284828.10, 272066.90, -14219.40) weapon= bones=0
2026-08-19 04:11:56.485 [INFO] TRACK kind=Structure class=Floor_Tek_C name=Tek Floor level=0 team=1355945928 pos=(284582.10, 271162.20, -14273.80) weapon= bones=0
2026-08-19 04:11:56.485 [INFO] TRACK kind=Structure class=BP_Foundation_Tek_C name=S+ Tek Foundation level=0 team=1355945928 pos=(284688.50, 271442.00, -14273.80) weapon= bones=0
2026-08-19 04:11:56.485 [INFO] TRACK kind=Structure class=BP_Foundation_Metal_C name=S+ Metal Foundation level=0 team=1355945928 pos=(284621.60, 272108.10, -14273.80) weapon= bones=0
2026-08-19 04:11:56.485 [INFO] TRACK kind=Structure class=BP_Foundation_Metal_C name=S+ Metal Foundation level=0 team=1355945928 pos=(284795.00, 271721.80, -14273.80) weapon= bones=0
2026-08-19 04:11:56.485 [INFO] TRACK kind=Structure class=BP_Foundation_Tek_C name=S+ Tek Foundation level=0 team=1355945928 pos=(284901.40, 272001.60, -14273.80) weapon= bones=0
2026-08-19 04:11:56.485 [INFO] TRACK kind=Structure class=BP_AirConditionerPlus_C name=S+ Air Conditioner level=0 team=1355945928 pos=(284834.10, 272031.30, -14219.40) weapon= bones=0
2026-08-19 04:11:56.485 [INFO] TRACK kind=Structure class=BP_AirConditionerPlus_C name=S+ Air Conditioner level=0 team=1355945928 pos=(284733.00, 271024.70, -14272.50) weapon= bones=0
2026-08-19 04:11:56.485 [INFO] TRACK kind=Structure class=Floor_Tek_C name=Tek Floor level=0 team=1355945928 pos=(284230.60, 284263.60, -12600.70) weapon= bones=0
2026-08-19 04:11:56.485 [INFO] TRACK kind=Structure class=BP_DoubleDoorframe_large_Tek_C name=Large Tek Double Doorframe level=0 team=1355945928 pos=(283910.60, 284154.30, -11800.70) weapon= bones=0
2026-08-19 04:11:56.485 [INFO] TRACK kind=Structure class=AF_AutoTurretTek_C name=AF Tek Turret level=0 team=1355945928 pos=(283435.70, 284981.40, -12791.50) weapon= bones=0
2026-08-19 04:11:56.485 [INFO] TRACK kind=Structure class=AF_AutoTurretTek_C name=AF Tek Turret level=0 team=1355945928 pos=(284116.00, 284159.50, -12588.80) weapon= bones=0
2026-08-19 04:11:56.485 [INFO] TRACK kind=Structure class=Floor_Metal_C name=Metal Floor level=0 team=1355945928 pos=(284013.30, 284469.50, -12600.70) weapon= bones=0
2026-08-19 04:11:56.485 [INFO] TRACK kind=Structure class=Floor_Tek_C name=Tek Floor level=0 team=1355945928 pos=(283807.30, 284252.10, -12600.70) weapon= bones=0
2026-08-19 04:11:56.485 [INFO] TRACK kind=Structure class=BP_DoubleDoorframe_large_Tek_C name=Large Tek Double Doorframe level=0 team=1355945928 pos=(284116.50, 284371.70, -12544.70) weapon= bones=0
2026-08-19 04:11:56.485 [INFO] TRACK kind=Structure class=BP_DoubleDoorframe_large_Tek_C name=Large Tek Double Doorframe level=0 team=1355945928 pos=(283910.60, 284154.30, -12544.70) weapon= bones=0
2026-08-19 04:11:56.485 [INFO] TRACK kind=Structure class=BP_DoubleDoorframe_large_Tek_C name=Large Tek Double Doorframe level=0 team=1355945928 pos=(284116.50, 284371.70, -11800.70) weapon= bones=0
2026-08-19 04:11:56.485 [INFO] TRACK kind=Structure class=BP_Foundation_Metal_C name=S+ Metal Foundation level=0 team=1355945928 pos=(282895.30, 285256.30, -11741.30) weapon= bones=0
2026-08-19 04:11:56.485 [INFO] TRACK kind=Structure class=AF_AutoTurretTek_C name=AF Tek Turret level=0 team=1355945928 pos=(284535.90, 282915.50, -12365.50) weapon= bones=0
2026-08-19 04:11:56.485 [INFO] TRACK kind=Structure class=BP_DoubleDoorframe_large_Tek_C name=Large Tek Double Doorframe level=0 team=1355945928 pos=(283597.70, 283824.10, -11800.70) weapon= bones=0
2026-08-19 04:11:56.485 [INFO] TRACK kind=Structure class=BP_AutoTurret_Heavy_AF_C name=AF Heavy Auto Turret level=0 team=1355945928 pos=(283844.20, 283539.90, -12576.60) weapon= bones=0
2026-08-19 04:11:56.485 [INFO] TRACK kind=Structure class=BP_AutoTurret_Heavy_AF_C name=AF Heavy Auto Turret level=0 team=1355945928 pos=(283088.90, 284009.60, -12733.10) weapon= bones=0
2026-08-19 04:11:56.485 [INFO] TRACK kind=Structure class=Floor_Metal_C name=Metal Floor level=0 team=1355945928 pos=(283601.40, 284034.80, -12600.70) weapon= bones=0
2026-08-19 04:11:56.485 [INFO] TRACK kind=Structure class=BP_DoubleDoorframe_large_Tek_C name=Large Tek Double Doorframe level=0 team=1355945928 pos=(283803.70, 284041.50, -12544.70) weapon= bones=0
2026-08-19 04:11:56.485 [INFO] TRACK kind=Structure class=Floor_Metal_C name=Metal Floor level=0 team=1355945928 pos=(284024.70, 284046.20, -12600.70) weapon= bones=0
2026-08-19 04:11:56.485 [INFO] TRACK kind=Structure class=Floor_Tek_C name=Tek Floor level=0 team=1355945928 pos=(283395.50, 283817.40, -12600.70) weapon= bones=0
2026-08-19 04:11:56.485 [INFO] TRACK kind=Structure class=BP_DoubleDoorframe_large_Tek_C name=Large Tek Double Doorframe level=0 team=1355945928 pos=(283704.60, 283937.00, -12544.70) weapon= bones=0
2026-08-19 04:11:56.485 [INFO] TRACK kind=Structure class=BP_DoubleDoorframe_large_Tek_C name=Large Tek Double Doorframe level=0 team=1355945928 pos=(283597.70, 283824.10, -12544.70) weapon= bones=0
2026-08-19 04:11:56.485 [INFO] TRACK kind=Structure class=Floor_Tek_C name=Tek Floor level=0 team=1355945928 pos=(283818.80, 283828.80, -12600.70) weapon= bones=0
2026-08-19 04:11:56.485 [INFO] TRACK kind=Structure class=BP_DoubleDoorframe_large_Tek_C name=Large Tek Double Doorframe level=0 team=1355945928 pos=(283803.70, 284041.50, -11800.70) weapon= bones=0
2026-08-19 04:11:56.485 [INFO] TRACK kind=Structure class=BP_DoubleDoorframe_large_Tek_C name=Large Tek Double Doorframe level=0 team=1355945928 pos=(283498.70, 283719.60, -12544.70) weapon= bones=0
2026-08-19 04:11:56.485 [INFO] TRACK kind=Structure class=Floor_Metal_C name=Metal Floor level=0 team=1355945928 pos=(283612.80, 283611.50, -12600.70) weapon= bones=0
2026-08-19 04:11:56.485 [INFO] TRACK kind=Structure class=BP_DoubleDoorframe_large_Tek_C name=Large Tek Double Doorframe level=0 team=1355945928 pos=(283704.60, 283937.00, -11800.70) weapon= bones=0
2026-08-19 04:11:56.485 [INFO] TRACK kind=Structure class=BP_DoubleDoorframe_large_Tek_C name=Large Tek Double Doorframe level=0 team=1355945928 pos=(283498.70, 283719.60, -11800.70) weapon= bones=0
2026-08-19 04:11:56.485 [INFO] TRACK kind=Structure class=BP_Foundation_Metal_C name=S+ Metal Foundation level=0 team=1355945928 pos=(284039.80, 269636.80, -6030.90) weapon= bones=0
2026-08-19 04:11:56.485 [INFO] TRACK kind=Structure class=BP_AutoTurret_Heavy_AF_C name=AF Heavy Auto Turret level=0 team=1355945928 pos=(284390.30, 274110.00, -10571.20) weapon= bones=0
2026-08-19 04:11:56.485 [INFO] TRACK kind=Structure class=BP_Foundation_Metal_C name=S+ Metal Foundation level=0 team=1355945928 pos=(284578.40, 275008.00, -7990.30) weapon= bones=0
2026-08-19 04:11:56.485 [INFO] TRACK kind=Structure class=BP_LargeHatchframe_Metal_C name=S+ Large Metal Hatchframe level=0 team=1355945928 pos=(282962.80, 273222.50, -12925.80) weapon= bones=0
2026-08-19 04:11:56.485 [INFO] TRACK kind=Structure class=BP_DoubleDoorframe_large_Tek_C name=Large Tek Double Doorframe level=0 team=1355945928 pos=(283020.40, 272550.90, -13473.80) weapon= bones=0
2026-08-19 04:11:56.485 [INFO] TRACK kind=Structure class=BP_LargeHatchframe_Metal_C name=S+ Large Metal Hatchframe level=0 team=1355945928 pos=(282962.80, 273222.50, -13477.80) weapon= bones=0
2026-08-19 04:11:56.485 [INFO] TRACK kind=Structure class=BP_DoubleDoorframe_large_Tek_C name=Large Tek Double Doorframe level=0 team=1355945928 pos=(283020.40, 272550.90, -12729.80) weapon= bones=0
2026-08-19 04:11:56.485 [INFO] TRACK kind=Structure class=BP_DoubleDoorframe_large_Tek_C name=Large Tek Double Doorframe level=0 team=1355945928 pos=(283339.70, 273390.40, -13473.80) weapon= bones=0
2026-08-19 04:11:56.485 [INFO] TRACK kind=Structure class=BP_DoubleDoorframe_large_Tek_C name=Large Tek Double Doorframe level=0 team=1355945928 pos=(283339.70, 273390.40, -12729.80) weapon= bones=0
2026-08-19 04:11:56.485 [INFO] TRACK kind=Structure class=BP_AutoTurret_Heavy_AF_C name=AF Heavy Auto Turret level=0 team=1355945928 pos=(283915.40, 275145.50, -10578.60) weapon= bones=0
2026-08-19 04:11:56.485 [INFO] TRACK kind=Structure class=BP_Foundation_Tek_C name=S+ Tek Foundation level=0 team=1355945928 pos=(283793.90, 277341.80, -10639.20) weapon= bones=0
2026-08-19 04:11:56.485 [INFO] TRACK kind=Structure class=BP_Foundation_Metal_C name=S+ Metal Foundation level=0 team=1355945928 pos=(284005.20, 272732.70, -11811.40) weapon= bones=0
2026-08-19 04:11:56.485 [INFO] TRACK kind=Structure class=BP_Foundation_Tek_C name=S+ Tek Foundation level=0 team=1355945928 pos=(284554.60, 272774.10, -14273.80) weapon= bones=0
2026-08-19 04:11:56.485 [INFO] TRACK kind=Structure class=BP_Foundation_Tek_C name=S+ Tek Foundation level=0 team=1355945928 pos=(284168.40, 272600.80, -14273.80) weapon= bones=0
2026-08-19 04:11:56.485 [INFO] TRACK kind=Structure class=BP_Foundation_Tek_C name=S+ Tek Foundation level=0 team=1355945928 pos=(284381.30, 273160.40, -14273.80) weapon= bones=0
2026-08-19 04:11:56.485 [INFO] TRACK kind=Structure class=Floor_Tek_C name=Tek Floor level=0 team=1355945928 pos=(284207.90, 273546.60, -14273.80) weapon= bones=0
2026-08-19 04:11:56.485 [INFO] TRACK kind=Structure class=BP_Foundation_Metal_C name=S+ Metal Foundation level=0 team=1355945928 pos=(284274.80, 272880.60, -14273.80) weapon= bones=0
2026-08-19 04:11:56.485 [INFO] TRACK kind=Structure class=Floor_Metal_C name=Metal Floor level=0 team=1355945928 pos=(282808.80, 274078.80, -14273.80) weapon= bones=0
2026-08-19 04:11:56.485 [INFO] TRACK kind=Structure class=Floor_Tek_C name=Tek Floor level=0 team=1355945928 pos=(282915.30, 274358.60, -14273.80) weapon= bones=0
2026-08-19 04:11:56.485 [INFO] TRACK kind=Structure class=Floor_Tek_C name=Tek Floor level=0 team=1355945928 pos=(283052.50, 275132.80, -14061.70) weapon= bones=0
2026-08-19 04:11:56.485 [INFO] TRACK kind=Structure class=BP_GrinderPlus_C name=S+ Industrial Grinder level=0 team=1355945928 pos=(283601.80, 273667.30, -14218.10) weapon= bones=0
2026-08-19 04:11:56.485 [INFO] TRACK kind=Structure class=BP_Foundation_Metal_C name=S+ Metal Foundation level=0 team=1355945928 pos=(283541.80, 273479.70, -14273.80) weapon= bones=0
2026-08-19 04:11:56.485 [INFO] TRACK kind=Structure class=BP_Foundation_Tek_C name=S+ Tek Foundation level=0 team=1355945928 pos=(283435.40, 273199.90, -14273.80) weapon= bones=0
2026-08-19 04:11:56.485 [INFO] TRACK kind=Structure class=BP_Foundation_Tek_C name=S+ Tek Foundation level=0 team=1355945928 pos=(283821.60, 273373.30, -14273.80) weapon= bones=0
2026-08-19 04:11:56.485 [INFO] TRACK kind=Structure class=Floor_Tek_C name=Tek Floor level=0 team=1355945928 pos=(283648.30, 273759.50, -14273.80) weapon= bones=0
2026-08-19 04:11:56.485 [INFO] TRACK kind=Structure class=BP_Foundation_Metal_C name=S+ Metal Foundation level=0 team=1355945928 pos=(283715.20, 273093.50, -14273.80) weapon= bones=0
2026-08-19 04:11:56.485 [INFO] TRACK kind=Structure class=BP_Foundation_Metal_C name=S+ Metal Foundation level=0 team=1355945928 pos=(284101.50, 273266.80, -14273.80) weapon= bones=0
2026-08-19 04:11:56.485 [INFO] TRACK kind=Structure class=Floor_Metal_C name=Metal Floor level=0 team=1355945928 pos=(283928.10, 273653.10, -14273.80) weapon= bones=0
2026-08-19 04:11:56.485 [INFO] TRACK kind=Structure class=BP_Foundation_Tek_C name=S+ Tek Foundation level=0 team=1355945928 pos=(283995.00, 272987.00, -14273.80) weapon= bones=0
2026-08-19 04:11:56.485 [INFO] TRACK kind=Structure class=Floor_Metal_C name=Metal Floor level=0 team=1355945928 pos=(283368.50, 273866.00, -14273.80) weapon= bones=0
2026-08-19 04:11:56.485 [INFO] TRACK kind=Structure class=BP_Foundation_Tek_C name=S+ Tek Foundation level=0 team=1355945928 pos=(283262.00, 273586.10, -14273.80) weapon= bones=0
2026-08-19 04:11:56.485 [INFO] TRACK kind=Structure class=BP_Foundation_Metal_C name=S+ Metal Foundation level=0 team=1355945928 pos=(282982.20, 273692.60, -14273.80) weapon= bones=0
2026-08-19 04:11:56.485 [INFO] TRACK kind=Structure class=Floor_Tek_C name=Tek Floor level=0 team=1355945928 pos=(283088.60, 273972.40, -14273.80) weapon= bones=0
2026-08-19 04:11:56.485 [INFO] TRACK kind=Structure class=BP_DoubleDoorframe_large_Tek_C name=Large Tek Double Doorframe level=0 team=1355945928 pos=(283339.70, 273390.40, -14217.80) weapon= bones=0
2026-08-19 04:11:56.485 [INFO] TRACK kind=Structure class=BP_Foundation_Metal_C name=S+ Metal Foundation level=0 team=1355945928 pos=(283329.00, 272920.10, -14273.80) weapon= bones=0
2026-08-19 04:11:56.485 [INFO] TRACK kind=Structure class=BP_Foundation_Tek_C name=S+ Tek Foundation level=0 team=1355945928 pos=(283049.10, 273026.50, -14273.80) weapon= bones=0
2026-08-19 04:11:56.485 [INFO] TRACK kind=Structure class=BP_Foundation_Metal_C name=S+ Metal Foundation level=0 team=1355945928 pos=(283155.60, 273306.30, -14273.80) weapon= bones=0
